Archive member included to satisfy reference by file (symbol)

c:/progra~2/gnuarm~1/102021~1.07/bin/../lib/gcc/arm-none-eabi/10.3.1/thumb/v7e-m/nofp\libgcc.a(_arm_mulsf3.o)
                              CMakeFiles\STM32_H7.elf.dir\Core\Src\system_stm32h7xx.c.obj (__aeabi_fmul)
c:/progra~2/gnuarm~1/102021~1.07/bin/../lib/gcc/arm-none-eabi/10.3.1/thumb/v7e-m/nofp\libgcc.a(_arm_addsubsf3.o)
                              CMakeFiles\STM32_H7.elf.dir\Core\Src\system_stm32h7xx.c.obj (__aeabi_fadd)
c:/progra~2/gnuarm~1/102021~1.07/bin/../lib/gcc/arm-none-eabi/10.3.1/thumb/v7e-m/nofp\libgcc.a(_arm_muldivsf3.o)
                              CMakeFiles\STM32_H7.elf.dir\Core\Src\system_stm32h7xx.c.obj (__aeabi_fdiv)
c:/progra~2/gnuarm~1/102021~1.07/bin/../lib/gcc/arm-none-eabi/10.3.1/thumb/v7e-m/nofp\libgcc.a(_arm_fixunssfsi.o)
                              CMakeFiles\STM32_H7.elf.dir\Core\Src\system_stm32h7xx.c.obj (__aeabi_f2uiz)
c:/progra~2/gnuarm~1/102021~1.07/bin/../lib/gcc/arm-none-eabi/10.3.1/thumb/v7e-m/nofp\libgcc.a(_aeabi_uldivmod.o)
                              CMakeFiles\STM32_H7.elf.dir\Drivers\STM32H7xx_HAL_Driver\Src\stm32h7xx_hal_uart.c.obj (__aeabi_uldivmod)
c:/progra~2/gnuarm~1/102021~1.07/bin/../lib/gcc/arm-none-eabi/10.3.1/thumb/v7e-m/nofp\libgcc.a(_udivmoddi4.o)
                              c:/progra~2/gnuarm~1/102021~1.07/bin/../lib/gcc/arm-none-eabi/10.3.1/thumb/v7e-m/nofp\libgcc.a(_aeabi_uldivmod.o) (__udivmoddi4)
c:/progra~2/gnuarm~1/102021~1.07/bin/../lib/gcc/arm-none-eabi/10.3.1/thumb/v7e-m/nofp\libgcc.a(_dvmd_tls.o)
                              c:/progra~2/gnuarm~1/102021~1.07/bin/../lib/gcc/arm-none-eabi/10.3.1/thumb/v7e-m/nofp\libgcc.a(_aeabi_uldivmod.o) (__aeabi_ldiv0)
c:/progra~2/gnuarm~1/102021~1.07/bin/../lib/gcc/arm-none-eabi/10.3.1/../../../../arm-none-eabi/lib/thumb/v7e-m/nofp\libg.a(lib_a-errno.o)
                              CMakeFiles\STM32_H7.elf.dir\Core\Src\syscalls.c.obj (__errno)
c:/progra~2/gnuarm~1/102021~1.07/bin/../lib/gcc/arm-none-eabi/10.3.1/../../../../arm-none-eabi/lib/thumb/v7e-m/nofp\libg.a(lib_a-exit.o)
                              c:/progra~2/gnuarm~1/102021~1.07/bin/../lib/gcc/arm-none-eabi/10.3.1/../../../../arm-none-eabi/lib/thumb/v7e-m/nofp/crt0.o (exit)
c:/progra~2/gnuarm~1/102021~1.07/bin/../lib/gcc/arm-none-eabi/10.3.1/../../../../arm-none-eabi/lib/thumb/v7e-m/nofp\libg.a(lib_a-impure.o)
                              c:/progra~2/gnuarm~1/102021~1.07/bin/../lib/gcc/arm-none-eabi/10.3.1/../../../../arm-none-eabi/lib/thumb/v7e-m/nofp\libg.a(lib_a-exit.o) (_global_impure_ptr)
c:/progra~2/gnuarm~1/102021~1.07/bin/../lib/gcc/arm-none-eabi/10.3.1/../../../../arm-none-eabi/lib/thumb/v7e-m/nofp\libg.a(lib_a-init.o)
                              c:/progra~2/gnuarm~1/102021~1.07/bin/../lib/gcc/arm-none-eabi/10.3.1/../../../../arm-none-eabi/lib/thumb/v7e-m/nofp/crt0.o (__libc_init_array)
c:/progra~2/gnuarm~1/102021~1.07/bin/../lib/gcc/arm-none-eabi/10.3.1/../../../../arm-none-eabi/lib/thumb/v7e-m/nofp\libg.a(lib_a-memset.o)
                              c:/progra~2/gnuarm~1/102021~1.07/bin/../lib/gcc/arm-none-eabi/10.3.1/../../../../arm-none-eabi/lib/thumb/v7e-m/nofp/crt0.o (memset)
c:/progra~2/gnuarm~1/102021~1.07/bin/../lib/gcc/arm-none-eabi/10.3.1/../../../../arm-none-eabi/lib/thumb/v7e-m/nofp\libg.a(lib_a-__call_atexit.o)
                              c:/progra~2/gnuarm~1/102021~1.07/bin/../lib/gcc/arm-none-eabi/10.3.1/../../../../arm-none-eabi/lib/thumb/v7e-m/nofp\libg.a(lib_a-exit.o) (__call_exitprocs)
c:/progra~2/gnuarm~1/102021~1.07/bin/../lib/gcc/arm-none-eabi/10.3.1/../../../../arm-none-eabi/lib/thumb/v7e-m/nofp\libg.a(lib_a-atexit.o)
                              c:/progra~2/gnuarm~1/102021~1.07/bin/../lib/gcc/arm-none-eabi/10.3.1/../../../../arm-none-eabi/lib/thumb/v7e-m/nofp\libg.a(lib_a-__call_atexit.o) (atexit)
c:/progra~2/gnuarm~1/102021~1.07/bin/../lib/gcc/arm-none-eabi/10.3.1/../../../../arm-none-eabi/lib/thumb/v7e-m/nofp\libg.a(lib_a-fini.o)
                              c:/progra~2/gnuarm~1/102021~1.07/bin/../lib/gcc/arm-none-eabi/10.3.1/../../../../arm-none-eabi/lib/thumb/v7e-m/nofp\libg.a(lib_a-__call_atexit.o) (__libc_fini_array)
c:/progra~2/gnuarm~1/102021~1.07/bin/../lib/gcc/arm-none-eabi/10.3.1/../../../../arm-none-eabi/lib/thumb/v7e-m/nofp\libg.a(lib_a-lock.o)
                              c:/progra~2/gnuarm~1/102021~1.07/bin/../lib/gcc/arm-none-eabi/10.3.1/../../../../arm-none-eabi/lib/thumb/v7e-m/nofp\libg.a(lib_a-__call_atexit.o) (__retarget_lock_acquire_recursive)
c:/progra~2/gnuarm~1/102021~1.07/bin/../lib/gcc/arm-none-eabi/10.3.1/../../../../arm-none-eabi/lib/thumb/v7e-m/nofp\libg.a(lib_a-__atexit.o)
                              c:/progra~2/gnuarm~1/102021~1.07/bin/../lib/gcc/arm-none-eabi/10.3.1/../../../../arm-none-eabi/lib/thumb/v7e-m/nofp\libg.a(lib_a-atexit.o) (__register_exitproc)

Discarded input sections

[...]
Memory Configuration

Name             Origin             Length             Attributes
ITCMRAM          0x00000000         0x00010000         xrw
DTCMRAM          0x20000000         0x00020000         xrw
FLASH            0x08000000         0x00100000         xr
RAM_D1           0x24000000         0x00050000         xrw
RAM_D2           0x30000000         0x00008000         xrw
RAM_D3           0x38000000         0x00004000         xrw
*default*        0x00000000         0xffffffff

Linker script and memory map

LOAD c:/progra~2/gnuarm~1/102021~1.07/bin/../lib/gcc/arm-none-eabi/10.3.1/thumb/v7e-m/nofp/crti.o
LOAD c:/progra~2/gnuarm~1/102021~1.07/bin/../lib/gcc/arm-none-eabi/10.3.1/thumb/v7e-m/nofp/crtbegin.o
LOAD c:/progra~2/gnuarm~1/102021~1.07/bin/../lib/gcc/arm-none-eabi/10.3.1/../../../../arm-none-eabi/lib/thumb/v7e-m/nofp/crt0.o
LOAD CMakeFiles\STM32_H7.elf.dir\Core\Src\main.c.obj
LOAD CMakeFiles\STM32_H7.elf.dir\Core\Src\stm32h7xx_hal_msp.c.obj
LOAD CMakeFiles\STM32_H7.elf.dir\Core\Src\stm32h7xx_it.c.obj
LOAD CMakeFiles\STM32_H7.elf.dir\Core\Src\syscalls.c.obj
LOAD CMakeFiles\STM32_H7.elf.dir\Core\Src\sysmem.c.obj
LOAD CMakeFiles\STM32_H7.elf.dir\Core\Src\system_stm32h7xx.c.obj
LOAD CMakeFiles\STM32_H7.elf.dir\Core\Startup\startup_stm32h723zgtx.s.obj
LOAD CMakeFiles\STM32_H7.elf.dir\Drivers\STM32H7xx_HAL_Driver\Src\stm32h7xx_hal.c.obj
LOAD CMakeFiles\STM32_H7.elf.dir\Drivers\STM32H7xx_HAL_Driver\Src\stm32h7xx_hal_cortex.c.obj
LOAD CMakeFiles\STM32_H7.elf.dir\Drivers\STM32H7xx_HAL_Driver\Src\stm32h7xx_hal_dma.c.obj
LOAD CMakeFiles\STM32_H7.elf.dir\Drivers\STM32H7xx_HAL_Driver\Src\stm32h7xx_hal_dma_ex.c.obj
LOAD CMakeFiles\STM32_H7.elf.dir\Drivers\STM32H7xx_HAL_Driver\Src\stm32h7xx_hal_eth.c.obj
LOAD CMakeFiles\STM32_H7.elf.dir\Drivers\STM32H7xx_HAL_Driver\Src\stm32h7xx_hal_eth_ex.c.obj
LOAD CMakeFiles\STM32_H7.elf.dir\Drivers\STM32H7xx_HAL_Driver\Src\stm32h7xx_hal_exti.c.obj
LOAD CMakeFiles\STM32_H7.elf.dir\Drivers\STM32H7xx_HAL_Driver\Src\stm32h7xx_hal_flash.c.obj
LOAD CMakeFiles\STM32_H7.elf.dir\Drivers\STM32H7xx_HAL_Driver\Src\stm32h7xx_hal_flash_ex.c.obj
LOAD CMakeFiles\STM32_H7.elf.dir\Drivers\STM32H7xx_HAL_Driver\Src\stm32h7xx_hal_gpio.c.obj
LOAD CMakeFiles\STM32_H7.elf.dir\Drivers\STM32H7xx_HAL_Driver\Src\stm32h7xx_hal_hsem.c.obj
LOAD CMakeFiles\STM32_H7.elf.dir\Drivers\STM32H7xx_HAL_Driver\Src\stm32h7xx_hal_i2c.c.obj
LOAD CMakeFiles\STM32_H7.elf.dir\Drivers\STM32H7xx_HAL_Driver\Src\stm32h7xx_hal_i2c_ex.c.obj
LOAD CMakeFiles\STM32_H7.elf.dir\Drivers\STM32H7xx_HAL_Driver\Src\stm32h7xx_hal_mdma.c.obj
LOAD CMakeFiles\STM32_H7.elf.dir\Drivers\STM32H7xx_HAL_Driver\Src\stm32h7xx_hal_pwr.c.obj
LOAD CMakeFiles\STM32_H7.elf.dir\Drivers\STM32H7xx_HAL_Driver\Src\stm32h7xx_hal_pwr_ex.c.obj
LOAD CMakeFiles\STM32_H7.elf.dir\Drivers\STM32H7xx_HAL_Driver\Src\stm32h7xx_hal_rcc.c.obj
LOAD CMakeFiles\STM32_H7.elf.dir\Drivers\STM32H7xx_HAL_Driver\Src\stm32h7xx_hal_rcc_ex.c.obj
LOAD CMakeFiles\STM32_H7.elf.dir\Drivers\STM32H7xx_HAL_Driver\Src\stm32h7xx_hal_tim.c.obj
LOAD CMakeFiles\STM32_H7.elf.dir\Drivers\STM32H7xx_HAL_Driver\Src\stm32h7xx_hal_tim_ex.c.obj
LOAD CMakeFiles\STM32_H7.elf.dir\Drivers\STM32H7xx_HAL_Driver\Src\stm32h7xx_hal_uart.c.obj
LOAD CMakeFiles\STM32_H7.elf.dir\Drivers\STM32H7xx_HAL_Driver\Src\stm32h7xx_hal_uart_ex.c.obj
START GROUP
LOAD c:/progra~2/gnuarm~1/102021~1.07/bin/../lib/gcc/arm-none-eabi/10.3.1/thumb/v7e-m/nofp\libgcc.a
LOAD c:/progra~2/gnuarm~1/102021~1.07/bin/../lib/gcc/arm-none-eabi/10.3.1/../../../../arm-none-eabi/lib/thumb/v7e-m/nofp\libg.a
LOAD c:/progra~2/gnuarm~1/102021~1.07/bin/../lib/gcc/arm-none-eabi/10.3.1/../../../../arm-none-eabi/lib/thumb/v7e-m/nofp\libc.a
END GROUP
LOAD c:/progra~2/gnuarm~1/102021~1.07/bin/../lib/gcc/arm-none-eabi/10.3.1/thumb/v7e-m/nofp/crtend.o
LOAD c:/progra~2/gnuarm~1/102021~1.07/bin/../lib/gcc/arm-none-eabi/10.3.1/thumb/v7e-m/nofp/crtn.o
                0x24050000                _estack = (ORIGIN (RAM_D1) + LENGTH (RAM_D1))
                0x00000200                _Min_Heap_Size = 0x200
                0x00000400                _Min_Stack_Size = 0x400

.isr_vector     0x08000000      0x2cc
                0x08000000                . = ALIGN (0x4)
 *(.isr_vector)
 .isr_vector    0x08000000      0x2cc CMakeFiles\STM32_H7.elf.dir\Core\Startup\startup_stm32h723zgtx.s.obj
                0x08000000                g_pfnVectors
                0x080002cc                . = ALIGN (0x4)

.text           0x080002cc     0x3ea4
                0x080002cc                . = ALIGN (0x4)
 *(.text)
 .text          0x080002cc       0x40 c:/progra~2/gnuarm~1/102021~1.07/bin/../lib/gcc/arm-none-eabi/10.3.1/thumb/v7e-m/nofp/crtbegin.o
 .text          0x0800030c      0x21c c:/progra~2/gnuarm~1/102021~1.07/bin/../lib/gcc/arm-none-eabi/10.3.1/thumb/v7e-m/nofp\libgcc.a(_arm_addsubsf3.o)
                0x0800030c                __aeabi_frsub
                0x08000314                __subsf3
                0x08000314                __aeabi_fsub
                0x08000318                __aeabi_fadd
                0x08000318                __addsf3
                0x08000478                __aeabi_ui2f
                0x08000478                __floatunsisf
                0x08000480                __aeabi_i2f
                0x08000480                __floatsisf
                0x0800049c                __aeabi_ul2f
                0x0800049c                __floatundisf
                0x080004ac                __aeabi_l2f
                0x080004ac                __floatdisf
 .text          0x08000528      0x2a0 c:/progra~2/gnuarm~1/102021~1.07/bin/../lib/gcc/arm-none-eabi/10.3.1/thumb/v7e-m/nofp\libgcc.a(_arm_muldivsf3.o)
                0x08000528                __mulsf3
                0x08000528                __aeabi_fmul
                0x08000690                __aeabi_fdiv
                0x08000690                __divsf3
 .text          0x080007c8       0x40 c:/progra~2/gnuarm~1/102021~1.07/bin/../lib/gcc/arm-none-eabi/10.3.1/thumb/v7e-m/nofp\libgcc.a(_arm_fixunssfsi.o)
                0x080007c8                __fixunssfsi
                0x080007c8                __aeabi_f2uiz
 .text          0x08000808       0x30 c:/progra~2/gnuarm~1/102021~1.07/bin/../lib/gcc/arm-none-eabi/10.3.1/thumb/v7e-m/nofp\libgcc.a(_aeabi_uldivmod.o)
                0x08000808                __aeabi_uldivmod
 .text          0x08000838      0x2d0 c:/progra~2/gnuarm~1/102021~1.07/bin/../lib/gcc/arm-none-eabi/10.3.1/thumb/v7e-m/nofp\libgcc.a(_udivmoddi4.o)
                0x08000838                __udivmoddi4
 .text          0x08000b08        0x4 c:/progra~2/gnuarm~1/102021~1.07/bin/../lib/gcc/arm-none-eabi/10.3.1/thumb/v7e-m/nofp\libgcc.a(_dvmd_tls.o)
                0x08000b08                __aeabi_idiv0
                0x08000b08                __aeabi_ldiv0
 *(.text*)
 .text.MX_GPIO_Init
                0x08000b0c      0x194 CMakeFiles\STM32_H7.elf.dir\Core\Src\main.c.obj
 .text.Error_Handler
                0x08000ca0        0x4 CMakeFiles\STM32_H7.elf.dir\Core\Src\main.c.obj
                0x08000ca0                Error_Handler
 .text.MX_ETH_Init
                0x08000ca4       0x6c CMakeFiles\STM32_H7.elf.dir\Core\Src\main.c.obj
 .text.MX_USART3_UART_Init
                0x08000d10       0x60 CMakeFiles\STM32_H7.elf.dir\Core\Src\main.c.obj
 .text.SystemClock_Config
                0x08000d70       0xac CMakeFiles\STM32_H7.elf.dir\Core\Src\main.c.obj
                0x08000d70                SystemClock_Config
 .text.main     0x08000e1c       0x18 CMakeFiles\STM32_H7.elf.dir\Core\Src\main.c.obj
                0x08000e1c                main
 .text.HAL_MspInit
                0x08000e34       0x24 CMakeFiles\STM32_H7.elf.dir\Core\Src\stm32h7xx_hal_msp.c.obj
                0x08000e34                HAL_MspInit
 .text.HAL_ETH_MspInit
                0x08000e58      0x138 CMakeFiles\STM32_H7.elf.dir\Core\Src\stm32h7xx_hal_msp.c.obj
                0x08000e58                HAL_ETH_MspInit
 .text.HAL_UART_MspInit
                0x08000f90       0x94 CMakeFiles\STM32_H7.elf.dir\Core\Src\stm32h7xx_hal_msp.c.obj
                0x08000f90                HAL_UART_MspInit
 .text.NMI_Handler
                0x08001024        0x2 CMakeFiles\STM32_H7.elf.dir\Core\Src\stm32h7xx_it.c.obj
                0x08001024                NMI_Handler
 .text.HardFault_Handler
                0x08001026        0x2 CMakeFiles\STM32_H7.elf.dir\Core\Src\stm32h7xx_it.c.obj
                0x08001026                HardFault_Handler
 .text.MemManage_Handler
                0x08001028        0x2 CMakeFiles\STM32_H7.elf.dir\Core\Src\stm32h7xx_it.c.obj
                0x08001028                MemManage_Handler
 .text.BusFault_Handler
                0x0800102a        0x2 CMakeFiles\STM32_H7.elf.dir\Core\Src\stm32h7xx_it.c.obj
                0x0800102a                BusFault_Handler
 .text.UsageFault_Handler
                0x0800102c        0x2 CMakeFiles\STM32_H7.elf.dir\Core\Src\stm32h7xx_it.c.obj
                0x0800102c                UsageFault_Handler
 .text.SVC_Handler
                0x0800102e        0x2 CMakeFiles\STM32_H7.elf.dir\Core\Src\stm32h7xx_it.c.obj
                0x0800102e                SVC_Handler
 .text.DebugMon_Handler
                0x08001030        0x2 CMakeFiles\STM32_H7.elf.dir\Core\Src\stm32h7xx_it.c.obj
                0x08001030                DebugMon_Handler
 .text.PendSV_Handler
                0x08001032        0x2 CMakeFiles\STM32_H7.elf.dir\Core\Src\stm32h7xx_it.c.obj
                0x08001032                PendSV_Handler
 .text.SysTick_Handler
                0x08001034        0x8 CMakeFiles\STM32_H7.elf.dir\Core\Src\stm32h7xx_it.c.obj
                0x08001034                SysTick_Handler
 .text.SystemInit
                0x0800103c       0xa4 CMakeFiles\STM32_H7.elf.dir\Core\Src\system_stm32h7xx.c.obj
                0x0800103c                SystemInit
 .text.Reset_Handler
                0x080010e0       0x50 CMakeFiles\STM32_H7.elf.dir\Core\Startup\startup_stm32h723zgtx.s.obj
                0x080010e0                Reset_Handler
 .text.Default_Handler
                0x08001130        0x2 CMakeFiles\STM32_H7.elf.dir\Core\Startup\startup_stm32h723zgtx.s.obj
                0x08001130                RTC_Alarm_IRQHandler
                0x08001130                EXTI2_IRQHandler
                0x08001130                TIM8_CC_IRQHandler
                0x08001130                UART8_IRQHandler
                0x08001130                SPI4_IRQHandler
                0x08001130                FDCAN3_IT0_IRQHandler
                0x08001130                TIM1_CC_IRQHandler
                0x08001130                BDMA_Channel6_IRQHandler
                0x08001130                DMA2_Stream5_IRQHandler
                0x08001130                DMA1_Stream5_IRQHandler
                0x08001130                CORDIC_IRQHandler
                0x08001130                BDMA_Channel1_IRQHandler
                0x08001130                TAMP_STAMP_IRQHandler
                0x08001130                EXTI3_IRQHandler
                0x08001130                LPTIM4_IRQHandler
                0x08001130                TIM8_TRG_COM_TIM14_IRQHandler
                0x08001130                LPTIM2_IRQHandler
                0x08001130                DFSDM1_FLT1_IRQHandler
                0x08001130                DMAMUX2_OVR_IRQHandler
                0x08001130                TIM8_UP_TIM13_IRQHandler
                0x08001130                I2C3_ER_IRQHandler
                0x08001130                DFSDM1_FLT2_IRQHandler
                0x08001130                I2C5_EV_IRQHandler
                0x08001130                USART10_IRQHandler
                0x08001130                MDMA_IRQHandler
                0x08001130                LPTIM3_IRQHandler
                0x08001130                HSEM1_IRQHandler
                0x08001130                EXTI0_IRQHandler
                0x08001130                I2C2_EV_IRQHandler
                0x08001130                DMA1_Stream2_IRQHandler
                0x08001130                FPU_IRQHandler
                0x08001130                OTG_HS_WKUP_IRQHandler
                0x08001130                FDCAN1_IT1_IRQHandler
                0x08001130                LTDC_ER_IRQHandler
                0x08001130                DMA2_Stream2_IRQHandler
                0x08001130                SPI1_IRQHandler
                0x08001130                OCTOSPI1_IRQHandler
                0x08001130                TIM6_DAC_IRQHandler
                0x08001130                DMA2_Stream3_IRQHandler
                0x08001130                OCTOSPI2_IRQHandler
                0x08001130                DFSDM1_FLT3_IRQHandler
                0x08001130                TIM23_IRQHandler
                0x08001130                USART6_IRQHandler
                0x08001130                TIM17_IRQHandler
                0x08001130                USART3_IRQHandler
                0x08001130                BDMA_Channel7_IRQHandler
                0x08001130                LPTIM5_IRQHandler
                0x08001130                UART5_IRQHandler
                0x08001130                ADC3_IRQHandler
                0x08001130                DMA2_Stream0_IRQHandler
                0x08001130                TIM4_IRQHandler
                0x08001130                BDMA_Channel2_IRQHandler
                0x08001130                I2C1_EV_IRQHandler
                0x08001130                DMA1_Stream6_IRQHandler
                0x08001130                DMAMUX1_OVR_IRQHandler
                0x08001130                DMA1_Stream1_IRQHandler
                0x08001130                TIM16_IRQHandler
                0x08001130                UART4_IRQHandler
                0x08001130                BDMA_Channel5_IRQHandler
                0x08001130                TIM3_IRQHandler
                0x08001130                RCC_IRQHandler
                0x08001130                UART9_IRQHandler
                0x08001130                TIM8_BRK_TIM12_IRQHandler
                0x08001130                TIM1_TRG_COM_IRQHandler
                0x08001130                Default_Handler
                0x08001130                ECC_IRQHandler
                0x08001130                FMAC_IRQHandler
                0x08001130                CEC_IRQHandler
                0x08001130                EXTI15_10_IRQHandler
                0x08001130                BDMA_Channel0_IRQHandler
                0x08001130                ADC_IRQHandler
                0x08001130                I2C5_ER_IRQHandler
                0x08001130                DMA1_Stream7_IRQHandler
                0x08001130                SPI5_IRQHandler
                0x08001130                TIM7_IRQHandler
                0x08001130                FDCAN3_IT1_IRQHandler
                0x08001130                SDMMC1_IRQHandler
                0x08001130                TIM5_IRQHandler
                0x08001130                DMA2_Stream7_IRQHandler
                0x08001130                TIM15_IRQHandler
                0x08001130                PVD_AVD_IRQHandler
                0x08001130                I2C3_EV_IRQHandler
                0x08001130                EXTI9_5_IRQHandler
                0x08001130                RTC_WKUP_IRQHandler
                0x08001130                LTDC_IRQHandler
                0x08001130                ETH_WKUP_IRQHandler
                0x08001130                SPDIF_RX_IRQHandler
                0x08001130                SPI2_IRQHandler
                0x08001130                OTG_HS_EP1_IN_IRQHandler
                0x08001130                DMA1_Stream0_IRQHandler
                0x08001130                TIM24_IRQHandler
                0x08001130                CRS_IRQHandler
                0x08001130                EXTI4_IRQHandler
                0x08001130                RNG_IRQHandler
                0x08001130                FDCAN2_IT1_IRQHandler
                0x08001130                ETH_IRQHandler
                0x08001130                TIM1_UP_IRQHandler
                0x08001130                BDMA_Channel4_IRQHandler
                0x08001130                OTG_HS_EP1_OUT_IRQHandler
                0x08001130                WWDG_IRQHandler
                0x08001130                SPI6_IRQHandler
                0x08001130                MDIOS_IRQHandler
                0x08001130                I2C4_EV_IRQHandler
                0x08001130                FDCAN2_IT0_IRQHandler
                0x08001130                LPUART1_IRQHandler
                0x08001130                FDCAN1_IT0_IRQHandler
                0x08001130                TIM2_IRQHandler
                0x08001130                OTG_HS_IRQHandler
                0x08001130                DMA2D_IRQHandler
                0x08001130                TIM1_BRK_IRQHandler
                0x08001130                EXTI1_IRQHandler
                0x08001130                SDMMC2_IRQHandler
                0x08001130                BDMA_Channel3_IRQHandler
                0x08001130                DTS_IRQHandler
                0x08001130                UART7_IRQHandler
                0x08001130                MDIOS_WKUP_IRQHandler
                0x08001130                USART2_IRQHandler
                0x08001130                DFSDM1_FLT0_IRQHandler
                0x08001130                SAI4_IRQHandler
                0x08001130                I2C2_ER_IRQHandler
                0x08001130                DMA2_Stream1_IRQHandler
                0x08001130                FLASH_IRQHandler
                0x08001130                DMA2_Stream4_IRQHandler
                0x08001130                USART1_IRQHandler
                0x08001130                SPI3_IRQHandler
                0x08001130                WAKEUP_PIN_IRQHandler
                0x08001130                DMA1_Stream4_IRQHandler
                0x08001130                I2C1_ER_IRQHandler
                0x08001130                FMC_IRQHandler
                0x08001130                FDCAN_CAL_IRQHandler
                0x08001130                SWPMI1_IRQHandler
                0x08001130                COMP1_IRQHandler
                0x08001130                LPTIM1_IRQHandler
                0x08001130                DCMI_PSSI_IRQHandler
                0x08001130                I2C4_ER_IRQHandler
                0x08001130                DMA2_Stream6_IRQHandler
                0x08001130                SAI1_IRQHandler
                0x08001130                DMA1_Stream3_IRQHandler
 *fill*         0x08001132        0x2 
 .text.HAL_InitTick
                0x08001134       0x50 CMakeFiles\STM32_H7.elf.dir\Drivers\STM32H7xx_HAL_Driver\Src\stm32h7xx_hal.c.obj
                0x08001134                HAL_InitTick
 .text.HAL_Init
                0x08001184       0x5c CMakeFiles\STM32_H7.elf.dir\Drivers\STM32H7xx_HAL_Driver\Src\stm32h7xx_hal.c.obj
                0x08001184                HAL_Init
 .text.HAL_IncTick
                0x080011e0       0x18 CMakeFiles\STM32_H7.elf.dir\Drivers\STM32H7xx_HAL_Driver\Src\stm32h7xx_hal.c.obj
                0x080011e0                HAL_IncTick
 .text.HAL_GetTick
                0x080011f8        0xc CMakeFiles\STM32_H7.elf.dir\Drivers\STM32H7xx_HAL_Driver\Src\stm32h7xx_hal.c.obj
                0x080011f8                HAL_GetTick
 .text.HAL_SYSCFG_ETHInterfaceSelect
                0x08001204       0x14 CMakeFiles\STM32_H7.elf.dir\Drivers\STM32H7xx_HAL_Driver\Src\stm32h7xx_hal.c.obj
                0x08001204                HAL_SYSCFG_ETHInterfaceSelect
 .text.HAL_NVIC_SetPriorityGrouping
                0x08001218       0x24 CMakeFiles\STM32_H7.elf.dir\Drivers\STM32H7xx_HAL_Driver\Src\stm32h7xx_hal_cortex.c.obj
                0x08001218                HAL_NVIC_SetPriorityGrouping
 .text.HAL_NVIC_SetPriority
                0x0800123c       0x6c CMakeFiles\STM32_H7.elf.dir\Drivers\STM32H7xx_HAL_Driver\Src\stm32h7xx_hal_cortex.c.obj
                0x0800123c                HAL_NVIC_SetPriority
 .text.HAL_SYSTICK_Config
                0x080012a8       0x28 CMakeFiles\STM32_H7.elf.dir\Drivers\STM32H7xx_HAL_Driver\Src\stm32h7xx_hal_cortex.c.obj
                0x080012a8                HAL_SYSTICK_Config
 .text.ETH_SetMACConfig
                0x080012d0      0x1b0 CMakeFiles\STM32_H7.elf.dir\Drivers\STM32H7xx_HAL_Driver\Src\stm32h7xx_hal_eth.c.obj
 .text.ETH_SetDMAConfig
                0x08001480       0xac CMakeFiles\STM32_H7.elf.dir\Drivers\STM32H7xx_HAL_Driver\Src\stm32h7xx_hal_eth.c.obj
 .text.ETH_MACDMAConfig
                0x0800152c       0xdc CMakeFiles\STM32_H7.elf.dir\Drivers\STM32H7xx_HAL_Driver\Src\stm32h7xx_hal_eth.c.obj
 .text.ETH_DMATxDescListInit
                0x08001608       0x58 CMakeFiles\STM32_H7.elf.dir\Drivers\STM32H7xx_HAL_Driver\Src\stm32h7xx_hal_eth.c.obj
 .text.ETH_DMARxDescListInit
                0x08001660       0x6c CMakeFiles\STM32_H7.elf.dir\Drivers\STM32H7xx_HAL_Driver\Src\stm32h7xx_hal_eth.c.obj
 .text.ETH_MAC_MDIO_ClkConfig
                0x080016cc       0x78 CMakeFiles\STM32_H7.elf.dir\Drivers\STM32H7xx_HAL_Driver\Src\stm32h7xx_hal_eth.c.obj
 .text.HAL_ETH_Init
                0x08001744      0x138 CMakeFiles\STM32_H7.elf.dir\Drivers\STM32H7xx_HAL_Driver\Src\stm32h7xx_hal_eth.c.obj
                0x08001744                HAL_ETH_Init
 .text.HAL_GPIO_Init
                0x0800187c      0x1f0 CMakeFiles\STM32_H7.elf.dir\Drivers\STM32H7xx_HAL_Driver\Src\stm32h7xx_hal_gpio.c.obj
                0x0800187c                HAL_GPIO_Init
 .text.HAL_GPIO_WritePin
                0x08001a6c        0xc CMakeFiles\STM32_H7.elf.dir\Drivers\STM32H7xx_HAL_Driver\Src\stm32h7xx_hal_gpio.c.obj
                0x08001a6c                HAL_GPIO_WritePin
 .text.HAL_PWREx_ConfigSupply
                0x08001a78       0x54 CMakeFiles\STM32_H7.elf.dir\Drivers\STM32H7xx_HAL_Driver\Src\stm32h7xx_hal_pwr_ex.c.obj
                0x08001a78                HAL_PWREx_ConfigSupply
 .text.HAL_RCC_OscConfig
                0x08001acc      0x570 CMakeFiles\STM32_H7.elf.dir\Drivers\STM32H7xx_HAL_Driver\Src\stm32h7xx_hal_rcc.c.obj
                0x08001acc                HAL_RCC_OscConfig
 .text.HAL_RCC_GetSysClockFreq
                0x0800203c      0x218 CMakeFiles\STM32_H7.elf.dir\Drivers\STM32H7xx_HAL_Driver\Src\stm32h7xx_hal_rcc.c.obj
                0x0800203c                HAL_RCC_GetSysClockFreq
 .text.HAL_RCC_ClockConfig
                0x08002254      0x294 CMakeFiles\STM32_H7.elf.dir\Drivers\STM32H7xx_HAL_Driver\Src\stm32h7xx_hal_rcc.c.obj
                0x08002254                HAL_RCC_ClockConfig
 .text.HAL_RCC_GetHCLKFreq
                0x080024e8       0x44 CMakeFiles\STM32_H7.elf.dir\Drivers\STM32H7xx_HAL_Driver\Src\stm32h7xx_hal_rcc.c.obj
                0x080024e8                HAL_RCC_GetHCLKFreq
 .text.HAL_RCC_GetPCLK1Freq
                0x0800252c       0x24 CMakeFiles\STM32_H7.elf.dir\Drivers\STM32H7xx_HAL_Driver\Src\stm32h7xx_hal_rcc.c.obj
                0x0800252c                HAL_RCC_GetPCLK1Freq
 .text.HAL_RCC_GetPCLK2Freq
                0x08002550       0x24 CMakeFiles\STM32_H7.elf.dir\Drivers\STM32H7xx_HAL_Driver\Src\stm32h7xx_hal_rcc.c.obj
                0x08002550                HAL_RCC_GetPCLK2Freq
 .text.RCCEx_PLL2_Config
                0x08002574      0x10c CMakeFiles\STM32_H7.elf.dir\Drivers\STM32H7xx_HAL_Driver\Src\stm32h7xx_hal_rcc_ex.c.obj
 .text.RCCEx_PLL3_Config
                0x08002680      0x10c CMakeFiles\STM32_H7.elf.dir\Drivers\STM32H7xx_HAL_Driver\Src\stm32h7xx_hal_rcc_ex.c.obj
 .text.HAL_RCCEx_PeriphCLKConfig
                0x0800278c      0x944 CMakeFiles\STM32_H7.elf.dir\Drivers\STM32H7xx_HAL_Driver\Src\stm32h7xx_hal_rcc_ex.c.obj
                0x0800278c                HAL_RCCEx_PeriphCLKConfig
 .text.HAL_RCCEx_GetD3PCLK1Freq
                0x080030d0       0x24 CMakeFiles\STM32_H7.elf.dir\Drivers\STM32H7xx_HAL_Driver\Src\stm32h7xx_hal_rcc_ex.c.obj
                0x080030d0                HAL_RCCEx_GetD3PCLK1Freq
 .text.HAL_RCCEx_GetPLL2ClockFreq
                0x080030f4      0x234 CMakeFiles\STM32_H7.elf.dir\Drivers\STM32H7xx_HAL_Driver\Src\stm32h7xx_hal_rcc_ex.c.obj
                0x080030f4                HAL_RCCEx_GetPLL2ClockFreq
 .text.HAL_RCCEx_GetPLL3ClockFreq
                0x08003328      0x234 CMakeFiles\STM32_H7.elf.dir\Drivers\STM32H7xx_HAL_Driver\Src\stm32h7xx_hal_rcc_ex.c.obj
                0x08003328                HAL_RCCEx_GetPLL3ClockFreq
 .text.UART_SetConfig
                0x0800355c      0x6bc CMakeFiles\STM32_H7.elf.dir\Drivers\STM32H7xx_HAL_Driver\Src\stm32h7xx_hal_uart.c.obj
                0x0800355c                UART_SetConfig
 .text.UART_AdvFeatureConfig
                0x08003c18       0xca CMakeFiles\STM32_H7.elf.dir\Drivers\STM32H7xx_HAL_Driver\Src\stm32h7xx_hal_uart.c.obj
                0x08003c18                UART_AdvFeatureConfig
 .text.UART_WaitOnFlagUntilTimeout
                0x08003ce2       0xb0 CMakeFiles\STM32_H7.elf.dir\Drivers\STM32H7xx_HAL_Driver\Src\stm32h7xx_hal_uart.c.obj
                0x08003ce2                UART_WaitOnFlagUntilTimeout
 .text.UART_CheckIdleState
                0x08003d92       0x74 CMakeFiles\STM32_H7.elf.dir\Drivers\STM32H7xx_HAL_Driver\Src\stm32h7xx_hal_uart.c.obj
                0x08003d92                UART_CheckIdleState
 .text.HAL_UART_Init
                0x08003e06       0x66 CMakeFiles\STM32_H7.elf.dir\Drivers\STM32H7xx_HAL_Driver\Src\stm32h7xx_hal_uart.c.obj
                0x08003e06                HAL_UART_Init
 .text.UARTEx_SetNbDataToProcess
                0x08003e6c       0x4c CMakeFiles\STM32_H7.elf.dir\Drivers\STM32H7xx_HAL_Driver\Src\stm32h7xx_hal_uart_ex.c.obj
 .text.HAL_UARTEx_DisableFifoMode
                0x08003eb8       0x3e CMakeFiles\STM32_H7.elf.dir\Drivers\STM32H7xx_HAL_Driver\Src\stm32h7xx_hal_uart_ex.c.obj
                0x08003eb8                HAL_UARTEx_DisableFifoMode
 .text.HAL_UARTEx_SetTxFifoThreshold
                0x08003ef6       0x4a CMakeFiles\STM32_H7.elf.dir\Drivers\STM32H7xx_HAL_Driver\Src\stm32h7xx_hal_uart_ex.c.obj
                0x08003ef6                HAL_UARTEx_SetTxFifoThreshold
 .text.HAL_UARTEx_SetRxFifoThreshold
                0x08003f40       0x4a CMakeFiles\STM32_H7.elf.dir\Drivers\STM32H7xx_HAL_Driver\Src\stm32h7xx_hal_uart_ex.c.obj
                0x08003f40                HAL_UARTEx_SetRxFifoThreshold
 *fill*         0x08003f8a        0x2 
 .text.__libc_init_array
                0x08003f8c       0x48 c:/progra~2/gnuarm~1/102021~1.07/bin/../lib/gcc/arm-none-eabi/10.3.1/../../../../arm-none-eabi/lib/thumb/v7e-m/nofp\libg.a(lib_a-init.o)
                0x08003f8c                __libc_init_array
 .text.memset   0x08003fd4       0xa4 c:/progra~2/gnuarm~1/102021~1.07/bin/../lib/gcc/arm-none-eabi/10.3.1/../../../../arm-none-eabi/lib/thumb/v7e-m/nofp\libg.a(lib_a-memset.o)
                0x08003fd4                memset
 .text.startup.register_fini
                0x08004078       0x14 c:/progra~2/gnuarm~1/102021~1.07/bin/../lib/gcc/arm-none-eabi/10.3.1/../../../../arm-none-eabi/lib/thumb/v7e-m/nofp\libg.a(lib_a-__call_atexit.o)
 .text.atexit   0x0800408c        0xc c:/progra~2/gnuarm~1/102021~1.07/bin/../lib/gcc/arm-none-eabi/10.3.1/../../../../arm-none-eabi/lib/thumb/v7e-m/nofp\libg.a(lib_a-atexit.o)
                0x0800408c                atexit
 .text.__libc_fini_array
                0x08004098       0x2c c:/progra~2/gnuarm~1/102021~1.07/bin/../lib/gcc/arm-none-eabi/10.3.1/../../../../arm-none-eabi/lib/thumb/v7e-m/nofp\libg.a(lib_a-fini.o)
                0x08004098                __libc_fini_array
 .text.__retarget_lock_acquire_recursive
                0x080040c4        0x4 c:/progra~2/gnuarm~1/102021~1.07/bin/../lib/gcc/arm-none-eabi/10.3.1/../../../../arm-none-eabi/lib/thumb/v7e-m/nofp\libg.a(lib_a-lock.o)
                0x080040c4                __retarget_lock_acquire_recursive
 .text.__retarget_lock_release_recursive
                0x080040c8        0x4 c:/progra~2/gnuarm~1/102021~1.07/bin/../lib/gcc/arm-none-eabi/10.3.1/../../../../arm-none-eabi/lib/thumb/v7e-m/nofp\libg.a(lib_a-lock.o)
                0x080040c8                __retarget_lock_release_recursive
 .text.__register_exitproc
                0x080040cc       0x8c c:/progra~2/gnuarm~1/102021~1.07/bin/../lib/gcc/arm-none-eabi/10.3.1/../../../../arm-none-eabi/lib/thumb/v7e-m/nofp\libg.a(lib_a-__atexit.o)
                0x080040cc                __register_exitproc
 *(.glue_7)
 .glue_7        0x08004158        0x0 linker stubs
 *(.glue_7t)
 .glue_7t       0x08004158        0x0 linker stubs
 *(.eh_frame)
 .eh_frame      0x08004158        0x0 c:/progra~2/gnuarm~1/102021~1.07/bin/../lib/gcc/arm-none-eabi/10.3.1/thumb/v7e-m/nofp/crtbegin.o
 *(.init)
 .init          0x08004158        0x4 c:/progra~2/gnuarm~1/102021~1.07/bin/../lib/gcc/arm-none-eabi/10.3.1/thumb/v7e-m/nofp/crti.o
                0x08004158                _init
 .init          0x0800415c        0x8 c:/progra~2/gnuarm~1/102021~1.07/bin/../lib/gcc/arm-none-eabi/10.3.1/thumb/v7e-m/nofp/crtn.o
 *(.fini)
 .fini          0x08004164        0x4 c:/progra~2/gnuarm~1/102021~1.07/bin/../lib/gcc/arm-none-eabi/10.3.1/thumb/v7e-m/nofp/crti.o
                0x08004164                _fini
 .fini          0x08004168        0x8 c:/progra~2/gnuarm~1/102021~1.07/bin/../lib/gcc/arm-none-eabi/10.3.1/thumb/v7e-m/nofp/crtn.o
                0x08004170                . = ALIGN (0x4)
                0x08004170                _etext = .

.vfp11_veneer   0x08004170        0x0
 .vfp11_veneer  0x08004170        0x0 linker stubs

.v4_bx          0x08004170        0x0
 .v4_bx         0x08004170        0x0 linker stubs

.iplt           0x08004170        0x0
 .iplt          0x08004170        0x0 c:/progra~2/gnuarm~1/102021~1.07/bin/../lib/gcc/arm-none-eabi/10.3.1/thumb/v7e-m/nofp/crtbegin.o

.rodata         0x08004170       0x3c
                0x08004170                . = ALIGN (0x4)
 *(.rodata)
 *(.rodata*)
 .rodata.D1CorePrescTable
                0x08004170       0x10 CMakeFiles\STM32_H7.elf.dir\Core\Src\system_stm32h7xx.c.obj
                0x08004170                D1CorePrescTable
 .rodata.UARTPrescTable
                0x08004180       0x18 CMakeFiles\STM32_H7.elf.dir\Drivers\STM32H7xx_HAL_Driver\Src\stm32h7xx_hal_uart.c.obj
                0x08004180                UARTPrescTable
 .rodata.denominator.0
                0x08004198        0x8 CMakeFiles\STM32_H7.elf.dir\Drivers\STM32H7xx_HAL_Driver\Src\stm32h7xx_hal_uart_ex.c.obj
 .rodata.numerator.1
                0x080041a0        0x8 CMakeFiles\STM32_H7.elf.dir\Drivers\STM32H7xx_HAL_Driver\Src\stm32h7xx_hal_uart_ex.c.obj
 .rodata._global_impure_ptr
                0x080041a8        0x4 c:/progra~2/gnuarm~1/102021~1.07/bin/../lib/gcc/arm-none-eabi/10.3.1/../../../../arm-none-eabi/lib/thumb/v7e-m/nofp\libg.a(lib_a-impure.o)
                0x080041a8                _global_impure_ptr
                0x080041ac                . = ALIGN (0x4)

.ARM.extab
 *(.ARM.extab* .gnu.linkonce.armextab.*)

.ARM            0x080041ac        0x8
                0x080041ac                __exidx_start = .
 *(.ARM.exidx*)
 .ARM.exidx     0x080041ac        0x8 c:/progra~2/gnuarm~1/102021~1.07/bin/../lib/gcc/arm-none-eabi/10.3.1/thumb/v7e-m/nofp\libgcc.a(_udivmoddi4.o)
                0x080041b4                __exidx_end = .

.rel.dyn        0x080041b4        0x0
 .rel.iplt      0x080041b4        0x0 c:/progra~2/gnuarm~1/102021~1.07/bin/../lib/gcc/arm-none-eabi/10.3.1/thumb/v7e-m/nofp/crtbegin.o

.preinit_array  0x080041b4        0x0
                0x080041b4                PROVIDE (__preinit_array_start = .)
 *(.preinit_array*)
                0x080041b4                PROVIDE (__preinit_array_end = .)

.init_array     0x080041b4        0x8
                0x080041b4                PROVIDE (__init_array_start = .)
 *(SORT_BY_NAME(.init_array.*))
 .init_array.00000
                0x080041b4        0x4 c:/progra~2/gnuarm~1/102021~1.07/bin/../lib/gcc/arm-none-eabi/10.3.1/../../../../arm-none-eabi/lib/thumb/v7e-m/nofp\libg.a(lib_a-__call_atexit.o)
 *(.init_array*)
 .init_array    0x080041b8        0x4 c:/progra~2/gnuarm~1/102021~1.07/bin/../lib/gcc/arm-none-eabi/10.3.1/thumb/v7e-m/nofp/crtbegin.o
                0x080041bc                PROVIDE (__init_array_end = .)

.fini_array     0x080041bc        0x4
                0x080041bc                PROVIDE (__fini_array_start = .)
 *(SORT_BY_NAME(.fini_array.*))
 *(.fini_array*)
 .fini_array    0x080041bc        0x4 c:/progra~2/gnuarm~1/102021~1.07/bin/../lib/gcc/arm-none-eabi/10.3.1/thumb/v7e-m/nofp/crtbegin.o
                0x080041c0                PROVIDE (__fini_array_end = .)
                0x080041c0                _sidata = LOADADDR (.data)

.data           0x24000000      0x43c load address 0x080041c0
                0x24000000                . = ALIGN (0x4)
                0x24000000                _sdata = .
 *(.data)
 *(.data*)
 .data.SystemCoreClock
                0x24000000        0x4 CMakeFiles\STM32_H7.elf.dir\Core\Src\system_stm32h7xx.c.obj
                0x24000000                SystemCoreClock
 .data.SystemD2Clock
                0x24000004        0x4 CMakeFiles\STM32_H7.elf.dir\Core\Src\system_stm32h7xx.c.obj
                0x24000004                SystemD2Clock
 .data.uwTickFreq
                0x24000008        0x1 CMakeFiles\STM32_H7.elf.dir\Drivers\STM32H7xx_HAL_Driver\Src\stm32h7xx_hal.c.obj
                0x24000008                uwTickFreq
 *fill*         0x24000009        0x3 
 .data.uwTickPrio
                0x2400000c        0x4 CMakeFiles\STM32_H7.elf.dir\Drivers\STM32H7xx_HAL_Driver\Src\stm32h7xx_hal.c.obj
                0x2400000c                uwTickPrio
 .data.impure_data
                0x24000010      0x428 c:/progra~2/gnuarm~1/102021~1.07/bin/../lib/gcc/arm-none-eabi/10.3.1/../../../../arm-none-eabi/lib/thumb/v7e-m/nofp\libg.a(lib_a-impure.o)
 .data.__atexit_recursive_mutex
                0x24000438        0x4 c:/progra~2/gnuarm~1/102021~1.07/bin/../lib/gcc/arm-none-eabi/10.3.1/../../../../arm-none-eabi/lib/thumb/v7e-m/nofp\libg.a(lib_a-__call_atexit.o)
                0x24000438                __atexit_recursive_mutex
 *(.RamFunc)
 *(.RamFunc*)
                0x2400043c                . = ALIGN (0x4)
                0x2400043c                _edata = .

.igot.plt       0x2400043c        0x0 load address 0x080045fc
 .igot.plt      0x2400043c        0x0 c:/progra~2/gnuarm~1/102021~1.07/bin/../lib/gcc/arm-none-eabi/10.3.1/thumb/v7e-m/nofp/crtbegin.o

.RxDecripSection
                0x2400043c       0x60 load address 0x080045fc
 .RxDecripSection
                0x2400043c       0x60 CMakeFiles\STM32_H7.elf.dir\Core\Src\main.c.obj
                0x2400043c                DMARxDscrTab

.TxDecripSection
                0x2400049c       0x60 load address 0x0800465c
 .TxDecripSection
                0x2400049c       0x60 CMakeFiles\STM32_H7.elf.dir\Core\Src\main.c.obj
                0x2400049c                DMATxDscrTab
                0x240004fc                . = ALIGN (0x4)

.bss            0x240004fc      0x178 load address 0x080046bc
                0x240004fc                _sbss = .
                0x240004fc                __bss_start__ = _sbss
 *(.bss)
 .bss           0x240004fc       0x1c c:/progra~2/gnuarm~1/102021~1.07/bin/../lib/gcc/arm-none-eabi/10.3.1/thumb/v7e-m/nofp/crtbegin.o
 *(.bss*)
 .bss.MACAddr.0
                0x24000518        0x6 CMakeFiles\STM32_H7.elf.dir\Core\Src\main.c.obj
 *fill*         0x2400051e        0x2 
 .bss.TxConfig  0x24000520       0x34 CMakeFiles\STM32_H7.elf.dir\Core\Src\main.c.obj
                0x24000520                TxConfig
 .bss.heth      0x24000554       0x88 CMakeFiles\STM32_H7.elf.dir\Core\Src\main.c.obj
                0x24000554                heth
 .bss.huart3    0x240005dc       0x90 CMakeFiles\STM32_H7.elf.dir\Core\Src\main.c.obj
                0x240005dc                huart3
 .bss.uwTick    0x2400066c        0x4 CMakeFiles\STM32_H7.elf.dir\Drivers\STM32H7xx_HAL_Driver\Src\stm32h7xx_hal.c.obj
                0x2400066c                uwTick
 .bss.__lock___atexit_recursive_mutex
                0x24000670        0x1 c:/progra~2/gnuarm~1/102021~1.07/bin/../lib/gcc/arm-none-eabi/10.3.1/../../../../arm-none-eabi/lib/thumb/v7e-m/nofp\libg.a(lib_a-lock.o)
                0x24000670                __lock___atexit_recursive_mutex
 *(COMMON)
                0x24000674                . = ALIGN (0x4)
 *fill*         0x24000671        0x3 
                0x24000674                _ebss = .
                0x24000674                __bss_end__ = _ebss

._user_heap_stack
                0x24000674      0x604 load address 0x080046bc
                0x24000678                . = ALIGN (0x8)
 *fill*         0x24000674        0x4 
                [!provide]                PROVIDE (end = .)
                0x24000678                PROVIDE (_end = .)
                0x24000878                . = (. + _Min_Heap_Size)
 *fill*         0x24000678      0x200 
                0x24000c78                . = (. + _Min_Stack_Size)
 *fill*         0x24000878      0x400 
                0x24000c78                . = ALIGN (0x8)

/DISCARD/
 libc.a(*)
 libm.a(*)
 libgcc.a(*)

.ARM.attributes
                0x00000000       0x2a
 *(.ARM.attributes)
 .ARM.attributes
                0x00000000       0x1e c:/progra~2/gnuarm~1/102021~1.07/bin/../lib/gcc/arm-none-eabi/10.3.1/thumb/v7e-m/nofp/crti.o
 .ARM.attributes
                0x0000001e       0x2e c:/progra~2/gnuarm~1/102021~1.07/bin/../lib/gcc/arm-none-eabi/10.3.1/thumb/v7e-m/nofp/crtbegin.o
 .ARM.attributes
                0x0000004c       0x2e CMakeFiles\STM32_H7.elf.dir\Core\Src\main.c.obj
 .ARM.attributes
                0x0000007a       0x2e CMakeFiles\STM32_H7.elf.dir\Core\Src\stm32h7xx_hal_msp.c.obj
 .ARM.attributes
                0x000000a8       0x2e CMakeFiles\STM32_H7.elf.dir\Core\Src\stm32h7xx_it.c.obj
 .ARM.attributes
                0x000000d6       0x2e CMakeFiles\STM32_H7.elf.dir\Core\Src\system_stm32h7xx.c.obj
 .ARM.attributes
                0x00000104       0x21 CMakeFiles\STM32_H7.elf.dir\Core\Startup\startup_stm32h723zgtx.s.obj
 .ARM.attributes
                0x00000125       0x2e CMakeFiles\STM32_H7.elf.dir\Drivers\STM32H7xx_HAL_Driver\Src\stm32h7xx_hal.c.obj
 .ARM.attributes
                0x00000153       0x2e CMakeFiles\STM32_H7.elf.dir\Drivers\STM32H7xx_HAL_Driver\Src\stm32h7xx_hal_cortex.c.obj
 .ARM.attributes
                0x00000181       0x2e CMakeFiles\STM32_H7.elf.dir\Drivers\STM32H7xx_HAL_Driver\Src\stm32h7xx_hal_eth.c.obj
 .ARM.attributes
                0x000001af       0x2e CMakeFiles\STM32_H7.elf.dir\Drivers\STM32H7xx_HAL_Driver\Src\stm32h7xx_hal_gpio.c.obj
 .ARM.attributes
                0x000001dd       0x2e CMakeFiles\STM32_H7.elf.dir\Drivers\STM32H7xx_HAL_Driver\Src\stm32h7xx_hal_pwr_ex.c.obj
 .ARM.attributes
                0x0000020b       0x2e CMakeFiles\STM32_H7.elf.dir\Drivers\STM32H7xx_HAL_Driver\Src\stm32h7xx_hal_rcc.c.obj
 .ARM.attributes
                0x00000239       0x2e CMakeFiles\STM32_H7.elf.dir\Drivers\STM32H7xx_HAL_Driver\Src\stm32h7xx_hal_rcc_ex.c.obj
 .ARM.attributes
                0x00000267       0x2e CMakeFiles\STM32_H7.elf.dir\Drivers\STM32H7xx_HAL_Driver\Src\stm32h7xx_hal_uart.c.obj
 .ARM.attributes
                0x00000295       0x2e CMakeFiles\STM32_H7.elf.dir\Drivers\STM32H7xx_HAL_Driver\Src\stm32h7xx_hal_uart_ex.c.obj
 .ARM.attributes
                0x000002c3       0x1e c:/progra~2/gnuarm~1/102021~1.07/bin/../lib/gcc/arm-none-eabi/10.3.1/thumb/v7e-m/nofp\libgcc.a(_arm_addsubsf3.o)
 .ARM.attributes
                0x000002e1       0x1e c:/progra~2/gnuarm~1/102021~1.07/bin/../lib/gcc/arm-none-eabi/10.3.1/thumb/v7e-m/nofp\libgcc.a(_arm_muldivsf3.o)
 .ARM.attributes
                0x000002ff       0x1e c:/progra~2/gnuarm~1/102021~1.07/bin/../lib/gcc/arm-none-eabi/10.3.1/thumb/v7e-m/nofp\libgcc.a(_arm_fixunssfsi.o)
 .ARM.attributes
                0x0000031d       0x1e c:/progra~2/gnuarm~1/102021~1.07/bin/../lib/gcc/arm-none-eabi/10.3.1/thumb/v7e-m/nofp\libgcc.a(_aeabi_uldivmod.o)
 .ARM.attributes
                0x0000033b       0x2e c:/progra~2/gnuarm~1/102021~1.07/bin/../lib/gcc/arm-none-eabi/10.3.1/thumb/v7e-m/nofp\libgcc.a(_udivmoddi4.o)
 .ARM.attributes
                0x00000369       0x1e c:/progra~2/gnuarm~1/102021~1.07/bin/../lib/gcc/arm-none-eabi/10.3.1/thumb/v7e-m/nofp\libgcc.a(_dvmd_tls.o)
 .ARM.attributes
                0x00000387       0x2e c:/progra~2/gnuarm~1/102021~1.07/bin/../lib/gcc/arm-none-eabi/10.3.1/../../../../arm-none-eabi/lib/thumb/v7e-m/nofp\libg.a(lib_a-impure.o)
 .ARM.attributes
                0x000003b5       0x2e c:/progra~2/gnuarm~1/102021~1.07/bin/../lib/gcc/arm-none-eabi/10.3.1/../../../../arm-none-eabi/lib/thumb/v7e-m/nofp\libg.a(lib_a-init.o)
 .ARM.attributes
                0x000003e3       0x2e c:/progra~2/gnuarm~1/102021~1.07/bin/../lib/gcc/arm-none-eabi/10.3.1/../../../../arm-none-eabi/lib/thumb/v7e-m/nofp\libg.a(lib_a-memset.o)
 .ARM.attributes
                0x00000411       0x2e c:/progra~2/gnuarm~1/102021~1.07/bin/../lib/gcc/arm-none-eabi/10.3.1/../../../../arm-none-eabi/lib/thumb/v7e-m/nofp\libg.a(lib_a-__call_atexit.o)
 .ARM.attributes
                0x0000043f       0x2e c:/progra~2/gnuarm~1/102021~1.07/bin/../lib/gcc/arm-none-eabi/10.3.1/../../../../arm-none-eabi/lib/thumb/v7e-m/nofp\libg.a(lib_a-atexit.o)
 .ARM.attributes
                0x0000046d       0x2e c:/progra~2/gnuarm~1/102021~1.07/bin/../lib/gcc/arm-none-eabi/10.3.1/../../../../arm-none-eabi/lib/thumb/v7e-m/nofp\libg.a(lib_a-fini.o)
 .ARM.attributes
                0x0000049b       0x2e c:/progra~2/gnuarm~1/102021~1.07/bin/../lib/gcc/arm-none-eabi/10.3.1/../../../../arm-none-eabi/lib/thumb/v7e-m/nofp\libg.a(lib_a-lock.o)
 .ARM.attributes
                0x000004c9       0x2e c:/progra~2/gnuarm~1/102021~1.07/bin/../lib/gcc/arm-none-eabi/10.3.1/../../../../arm-none-eabi/lib/thumb/v7e-m/nofp\libg.a(lib_a-__atexit.o)
 .ARM.attributes
                0x000004f7       0x1e c:/progra~2/gnuarm~1/102021~1.07/bin/../lib/gcc/arm-none-eabi/10.3.1/thumb/v7e-m/nofp/crtn.o
OUTPUT(STM32_H7.elf elf32-littlearm)
LOAD linker stubs
LOAD c:/progra~2/gnuarm~1/102021~1.07/bin/../lib/gcc/arm-none-eabi/10.3.1/../../../../arm-none-eabi/lib/thumb/v7e-m/nofp\libc.a
LOAD c:/progra~2/gnuarm~1/102021~1.07/bin/../lib/gcc/arm-none-eabi/10.3.1/../../../../arm-none-eabi/lib/thumb/v7e-m/nofp\libm.a
LOAD c:/progra~2/gnuarm~1/102021~1.07/bin/../lib/gcc/arm-none-eabi/10.3.1/thumb/v7e-m/nofp\libgcc.a

.debug_info     0x00000000    0x13093
 .debug_info    0x00000000     0x2313 CMakeFiles\STM32_H7.elf.dir\Core\Src\main.c.obj
 .debug_info    0x00002313     0x2022 CMakeFiles\STM32_H7.elf.dir\Core\Src\stm32h7xx_hal_msp.c.obj
 .debug_info    0x00004335      0x145 CMakeFiles\STM32_H7.elf.dir\Core\Src\stm32h7xx_it.c.obj
 .debug_info    0x0000447a      0xccd CMakeFiles\STM32_H7.elf.dir\Core\Src\system_stm32h7xx.c.obj
 .debug_info    0x00005147       0x22 CMakeFiles\STM32_H7.elf.dir\Core\Startup\startup_stm32h723zgtx.s.obj
 .debug_info    0x00005169     0x180d CMakeFiles\STM32_H7.elf.dir\Drivers\STM32H7xx_HAL_Driver\Src\stm32h7xx_hal.c.obj
 .debug_info    0x00006976     0x13de CMakeFiles\STM32_H7.elf.dir\Drivers\STM32H7xx_HAL_Driver\Src\stm32h7xx_hal_cortex.c.obj
 .debug_info    0x00007d54     0x2ca6 CMakeFiles\STM32_H7.elf.dir\Drivers\STM32H7xx_HAL_Driver\Src\stm32h7xx_hal_eth.c.obj
 .debug_info    0x0000a9fa      0xd75 CMakeFiles\STM32_H7.elf.dir\Drivers\STM32H7xx_HAL_Driver\Src\stm32h7xx_hal_gpio.c.obj
 .debug_info    0x0000b76f      0xfcc CMakeFiles\STM32_H7.elf.dir\Drivers\STM32H7xx_HAL_Driver\Src\stm32h7xx_hal_pwr_ex.c.obj
 .debug_info    0x0000c73b     0x1266 CMakeFiles\STM32_H7.elf.dir\Drivers\STM32H7xx_HAL_Driver\Src\stm32h7xx_hal_rcc.c.obj
 .debug_info    0x0000d9a1     0x1ec0 CMakeFiles\STM32_H7.elf.dir\Drivers\STM32H7xx_HAL_Driver\Src\stm32h7xx_hal_rcc_ex.c.obj
 .debug_info    0x0000f861     0x28e7 CMakeFiles\STM32_H7.elf.dir\Drivers\STM32H7xx_HAL_Driver\Src\stm32h7xx_hal_uart.c.obj
 .debug_info    0x00012148      0xf4b CMakeFiles\STM32_H7.elf.dir\Drivers\STM32H7xx_HAL_Driver\Src\stm32h7xx_hal_uart_ex.c.obj

.debug_abbrev   0x00000000     0x1da4
 .debug_abbrev  0x00000000      0x2b2 CMakeFiles\STM32_H7.elf.dir\Core\Src\main.c.obj
 .debug_abbrev  0x000002b2      0x1fe CMakeFiles\STM32_H7.elf.dir\Core\Src\stm32h7xx_hal_msp.c.obj
 .debug_abbrev  0x000004b0       0x7e CMakeFiles\STM32_H7.elf.dir\Core\Src\stm32h7xx_it.c.obj
 .debug_abbrev  0x0000052e      0x151 CMakeFiles\STM32_H7.elf.dir\Core\Src\system_stm32h7xx.c.obj
 .debug_abbrev  0x0000067f       0x12 CMakeFiles\STM32_H7.elf.dir\Core\Startup\startup_stm32h723zgtx.s.obj
 .debug_abbrev  0x00000691      0x26d CMakeFiles\STM32_H7.elf.dir\Drivers\STM32H7xx_HAL_Driver\Src\stm32h7xx_hal.c.obj
 .debug_abbrev  0x000008fe      0x37d CMakeFiles\STM32_H7.elf.dir\Drivers\STM32H7xx_HAL_Driver\Src\stm32h7xx_hal_cortex.c.obj
 .debug_abbrev  0x00000c7b      0x27e CMakeFiles\STM32_H7.elf.dir\Drivers\STM32H7xx_HAL_Driver\Src\stm32h7xx_hal_eth.c.obj
 .debug_abbrev  0x00000ef9      0x239 CMakeFiles\STM32_H7.elf.dir\Drivers\STM32H7xx_HAL_Driver\Src\stm32h7xx_hal_gpio.c.obj
 .debug_abbrev  0x00001132      0x28a CMakeFiles\STM32_H7.elf.dir\Drivers\STM32H7xx_HAL_Driver\Src\stm32h7xx_hal_pwr_ex.c.obj
 .debug_abbrev  0x000013bc      0x268 CMakeFiles\STM32_H7.elf.dir\Drivers\STM32H7xx_HAL_Driver\Src\stm32h7xx_hal_rcc.c.obj
 .debug_abbrev  0x00001624      0x285 CMakeFiles\STM32_H7.elf.dir\Drivers\STM32H7xx_HAL_Driver\Src\stm32h7xx_hal_rcc_ex.c.obj
 .debug_abbrev  0x000018a9      0x2b5 CMakeFiles\STM32_H7.elf.dir\Drivers\STM32H7xx_HAL_Driver\Src\stm32h7xx_hal_uart.c.obj
 .debug_abbrev  0x00001b5e      0x246 CMakeFiles\STM32_H7.elf.dir\Drivers\STM32H7xx_HAL_Driver\Src\stm32h7xx_hal_uart_ex.c.obj

.debug_aranges  0x00000000      0xb68
 .debug_aranges
                0x00000000       0x48 CMakeFiles\STM32_H7.elf.dir\Core\Src\main.c.obj
 .debug_aranges
                0x00000048       0x40 CMakeFiles\STM32_H7.elf.dir\Core\Src\stm32h7xx_hal_msp.c.obj
 .debug_aranges
                0x00000088       0x60 CMakeFiles\STM32_H7.elf.dir\Core\Src\stm32h7xx_it.c.obj
 .debug_aranges
                0x000000e8       0x28 CMakeFiles\STM32_H7.elf.dir\Core\Src\system_stm32h7xx.c.obj
 .debug_aranges
                0x00000110       0x28 CMakeFiles\STM32_H7.elf.dir\Core\Startup\startup_stm32h723zgtx.s.obj
 .debug_aranges
                0x00000138      0x1c8 CMakeFiles\STM32_H7.elf.dir\Drivers\STM32H7xx_HAL_Driver\Src\stm32h7xx_hal.c.obj
 .debug_aranges
                0x00000300       0xb0 CMakeFiles\STM32_H7.elf.dir\Drivers\STM32H7xx_HAL_Driver\Src\stm32h7xx_hal_cortex.c.obj
 .debug_aranges
                0x000003b0      0x1b0 CMakeFiles\STM32_H7.elf.dir\Drivers\STM32H7xx_HAL_Driver\Src\stm32h7xx_hal_eth.c.obj
 .debug_aranges
                0x00000560       0x58 CMakeFiles\STM32_H7.elf.dir\Drivers\STM32H7xx_HAL_Driver\Src\stm32h7xx_hal_gpio.c.obj
 .debug_aranges
                0x000005b8      0x148 CMakeFiles\STM32_H7.elf.dir\Drivers\STM32H7xx_HAL_Driver\Src\stm32h7xx_hal_pwr_ex.c.obj
 .debug_aranges
                0x00000700       0x88 CMakeFiles\STM32_H7.elf.dir\Drivers\STM32H7xx_HAL_Driver\Src\stm32h7xx_hal_rcc.c.obj
 .debug_aranges
                0x00000788       0xf8 CMakeFiles\STM32_H7.elf.dir\Drivers\STM32H7xx_HAL_Driver\Src\stm32h7xx_hal_rcc_ex.c.obj
 .debug_aranges
                0x00000880      0x248 CMakeFiles\STM32_H7.elf.dir\Drivers\STM32H7xx_HAL_Driver\Src\stm32h7xx_hal_uart.c.obj
 .debug_aranges
                0x00000ac8       0xa0 CMakeFiles\STM32_H7.elf.dir\Drivers\STM32H7xx_HAL_Driver\Src\stm32h7xx_hal_uart_ex.c.obj

.debug_ranges   0x00000000      0xbc0
 .debug_ranges  0x00000000       0x38 CMakeFiles\STM32_H7.elf.dir\Core\Src\main.c.obj
 .debug_ranges  0x00000038       0x30 CMakeFiles\STM32_H7.elf.dir\Core\Src\stm32h7xx_hal_msp.c.obj
 .debug_ranges  0x00000068       0x50 CMakeFiles\STM32_H7.elf.dir\Core\Src\stm32h7xx_it.c.obj
 .debug_ranges  0x000000b8       0x18 CMakeFiles\STM32_H7.elf.dir\Core\Src\system_stm32h7xx.c.obj
 .debug_ranges  0x000000d0       0x20 CMakeFiles\STM32_H7.elf.dir\Core\Startup\startup_stm32h723zgtx.s.obj
 .debug_ranges  0x000000f0      0x1b8 CMakeFiles\STM32_H7.elf.dir\Drivers\STM32H7xx_HAL_Driver\Src\stm32h7xx_hal.c.obj
 .debug_ranges  0x000002a8      0x100 CMakeFiles\STM32_H7.elf.dir\Drivers\STM32H7xx_HAL_Driver\Src\stm32h7xx_hal_cortex.c.obj
 .debug_ranges  0x000003a8      0x1a0 CMakeFiles\STM32_H7.elf.dir\Drivers\STM32H7xx_HAL_Driver\Src\stm32h7xx_hal_eth.c.obj
 .debug_ranges  0x00000548       0x48 CMakeFiles\STM32_H7.elf.dir\Drivers\STM32H7xx_HAL_Driver\Src\stm32h7xx_hal_gpio.c.obj
 .debug_ranges  0x00000590      0x198 CMakeFiles\STM32_H7.elf.dir\Drivers\STM32H7xx_HAL_Driver\Src\stm32h7xx_hal_pwr_ex.c.obj
 .debug_ranges  0x00000728       0xe8 CMakeFiles\STM32_H7.elf.dir\Drivers\STM32H7xx_HAL_Driver\Src\stm32h7xx_hal_rcc.c.obj
 .debug_ranges  0x00000810       0xe8 CMakeFiles\STM32_H7.elf.dir\Drivers\STM32H7xx_HAL_Driver\Src\stm32h7xx_hal_rcc_ex.c.obj
 .debug_ranges  0x000008f8      0x238 CMakeFiles\STM32_H7.elf.dir\Drivers\STM32H7xx_HAL_Driver\Src\stm32h7xx_hal_uart.c.obj
 .debug_ranges  0x00000b30       0x90 CMakeFiles\STM32_H7.elf.dir\Drivers\STM32H7xx_HAL_Driver\Src\stm32h7xx_hal_uart_ex.c.obj

.debug_line     0x00000000     0xbd66
 .debug_line    0x00000000      0x6cb CMakeFiles\STM32_H7.elf.dir\Core\Src\main.c.obj
 .debug_line    0x000006cb      0x4b6 CMakeFiles\STM32_H7.elf.dir\Core\Src\stm32h7xx_hal_msp.c.obj
 .debug_line    0x00000b81      0x1d9 CMakeFiles\STM32_H7.elf.dir\Core\Src\stm32h7xx_it.c.obj
 .debug_line    0x00000d5a      0x478 CMakeFiles\STM32_H7.elf.dir\Core\Src\system_stm32h7xx.c.obj
 .debug_line    0x000011d2       0xb6 CMakeFiles\STM32_H7.elf.dir\Core\Startup\startup_stm32h723zgtx.s.obj
 .debug_line    0x00001288      0x9f4 CMakeFiles\STM32_H7.elf.dir\Drivers\STM32H7xx_HAL_Driver\Src\stm32h7xx_hal.c.obj
 .debug_line    0x00001c7c      0x827 CMakeFiles\STM32_H7.elf.dir\Drivers\STM32H7xx_HAL_Driver\Src\stm32h7xx_hal_cortex.c.obj
 .debug_line    0x000024a3     0x2099 CMakeFiles\STM32_H7.elf.dir\Drivers\STM32H7xx_HAL_Driver\Src\stm32h7xx_hal_eth.c.obj
 .debug_line    0x0000453c      0x707 CMakeFiles\STM32_H7.elf.dir\Drivers\STM32H7xx_HAL_Driver\Src\stm32h7xx_hal_gpio.c.obj
 .debug_line    0x00004c43      0xa4b CMakeFiles\STM32_H7.elf.dir\Drivers\STM32H7xx_HAL_Driver\Src\stm32h7xx_hal_pwr_ex.c.obj
 .debug_line    0x0000568e     0x11a8 CMakeFiles\STM32_H7.elf.dir\Drivers\STM32H7xx_HAL_Driver\Src\stm32h7xx_hal_rcc.c.obj
 .debug_line    0x00006836     0x1c4d CMakeFiles\STM32_H7.elf.dir\Drivers\STM32H7xx_HAL_Driver\Src\stm32h7xx_hal_rcc_ex.c.obj
 .debug_line    0x00008483     0x2dbc CMakeFiles\STM32_H7.elf.dir\Drivers\STM32H7xx_HAL_Driver\Src\stm32h7xx_hal_uart.c.obj
 .debug_line    0x0000b23f      0xb27 CMakeFiles\STM32_H7.elf.dir\Drivers\STM32H7xx_HAL_Driver\Src\stm32h7xx_hal_uart_ex.c.obj

.debug_str      0x00000000     0x57b5
 .debug_str     0x00000000     0x14cf CMakeFiles\STM32_H7.elf.dir\Core\Src\main.c.obj
                               0x160f (size before relaxing)
 .debug_str     0x000014cf      0x3e3 CMakeFiles\STM32_H7.elf.dir\Core\Src\stm32h7xx_hal_msp.c.obj
                               0x15a5 (size before relaxing)
 .debug_str     0x000018b2       0xe5 CMakeFiles\STM32_H7.elf.dir\Core\Src\stm32h7xx_it.c.obj
                                0x28f (size before relaxing)
 .debug_str     0x00001997      0x313 CMakeFiles\STM32_H7.elf.dir\Core\Src\system_stm32h7xx.c.obj
                                0x72f (size before relaxing)
 .debug_str     0x00001caa       0x64 CMakeFiles\STM32_H7.elf.dir\Core\Startup\startup_stm32h723zgtx.s.obj
                                 0xa7 (size before relaxing)
 .debug_str     0x00001d0e     0x10cd CMakeFiles\STM32_H7.elf.dir\Drivers\STM32H7xx_HAL_Driver\Src\stm32h7xx_hal.c.obj
                               0x15e2 (size before relaxing)
 .debug_str     0x00002ddb      0x492 CMakeFiles\STM32_H7.elf.dir\Drivers\STM32H7xx_HAL_Driver\Src\stm32h7xx_hal_cortex.c.obj
                               0x1059 (size before relaxing)
 .debug_str     0x0000326d      0xb98 CMakeFiles\STM32_H7.elf.dir\Drivers\STM32H7xx_HAL_Driver\Src\stm32h7xx_hal_eth.c.obj
                               0x19e0 (size before relaxing)
 .debug_str     0x00003e05      0x116 CMakeFiles\STM32_H7.elf.dir\Drivers\STM32H7xx_HAL_Driver\Src\stm32h7xx_hal_gpio.c.obj
                                0x726 (size before relaxing)
 .debug_str     0x00003f1b      0x550 CMakeFiles\STM32_H7.elf.dir\Drivers\STM32H7xx_HAL_Driver\Src\stm32h7xx_hal_pwr_ex.c.obj
                                0xa04 (size before relaxing)
 .debug_str     0x0000446b      0x1ac CMakeFiles\STM32_H7.elf.dir\Drivers\STM32H7xx_HAL_Driver\Src\stm32h7xx_hal_rcc.c.obj
                                0xa4d (size before relaxing)
 .debug_str     0x00004617      0x5f3 CMakeFiles\STM32_H7.elf.dir\Drivers\STM32H7xx_HAL_Driver\Src\stm32h7xx_hal_rcc_ex.c.obj
                                0xf66 (size before relaxing)
 .debug_str     0x00004c0a      0x95a CMakeFiles\STM32_H7.elf.dir\Drivers\STM32H7xx_HAL_Driver\Src\stm32h7xx_hal_uart.c.obj
                               0x14b7 (size before relaxing)
 .debug_str     0x00005564      0x251 CMakeFiles\STM32_H7.elf.dir\Drivers\STM32H7xx_HAL_Driver\Src\stm32h7xx_hal_uart_ex.c.obj
                                0xb86 (size before relaxing)

.comment        0x00000000       0x49
 .comment       0x00000000       0x49 CMakeFiles\STM32_H7.elf.dir\Core\Src\main.c.obj
                                 0x4a (size before relaxing)
 .comment       0x00000049       0x4a CMakeFiles\STM32_H7.elf.dir\Core\Src\stm32h7xx_hal_msp.c.obj
 .comment       0x00000049       0x4a CMakeFiles\STM32_H7.elf.dir\Core\Src\stm32h7xx_it.c.obj
 .comment       0x00000049       0x4a CMakeFiles\STM32_H7.elf.dir\Core\Src\system_stm32h7xx.c.obj
 .comment       0x00000049       0x4a CMakeFiles\STM32_H7.elf.dir\Drivers\STM32H7xx_HAL_Driver\Src\stm32h7xx_hal.c.obj
 .comment       0x00000049       0x4a CMakeFiles\STM32_H7.elf.dir\Drivers\STM32H7xx_HAL_Driver\Src\stm32h7xx_hal_cortex.c.obj
 .comment       0x00000049       0x4a CMakeFiles\STM32_H7.elf.dir\Drivers\STM32H7xx_HAL_Driver\Src\stm32h7xx_hal_eth.c.obj
 .comment       0x00000049       0x4a CMakeFiles\STM32_H7.elf.dir\Drivers\STM32H7xx_HAL_Driver\Src\stm32h7xx_hal_gpio.c.obj
 .comment       0x00000049       0x4a CMakeFiles\STM32_H7.elf.dir\Drivers\STM32H7xx_HAL_Driver\Src\stm32h7xx_hal_pwr_ex.c.obj
 .comment       0x00000049       0x4a CMakeFiles\STM32_H7.elf.dir\Drivers\STM32H7xx_HAL_Driver\Src\stm32h7xx_hal_rcc.c.obj
 .comment       0x00000049       0x4a CMakeFiles\STM32_H7.elf.dir\Drivers\STM32H7xx_HAL_Driver\Src\stm32h7xx_hal_rcc_ex.c.obj
 .comment       0x00000049       0x4a CMakeFiles\STM32_H7.elf.dir\Drivers\STM32H7xx_HAL_Driver\Src\stm32h7xx_hal_uart.c.obj
 .comment       0x00000049       0x4a CMakeFiles\STM32_H7.elf.dir\Drivers\STM32H7xx_HAL_Driver\Src\stm32h7xx_hal_uart_ex.c.obj

.debug_frame    0x00000000     0x1ec4
 .debug_frame   0x00000000       0xb0 CMakeFiles\STM32_H7.elf.dir\Core\Src\main.c.obj
 .debug_frame   0x000000b0       0xa0 CMakeFiles\STM32_H7.elf.dir\Core\Src\stm32h7xx_hal_msp.c.obj
 .debug_frame   0x00000150       0xa8 CMakeFiles\STM32_H7.elf.dir\Core\Src\stm32h7xx_it.c.obj
 .debug_frame   0x000001f8       0x40 CMakeFiles\STM32_H7.elf.dir\Core\Src\system_stm32h7xx.c.obj
 .debug_frame   0x00000238      0x3c0 CMakeFiles\STM32_H7.elf.dir\Drivers\STM32H7xx_HAL_Driver\Src\stm32h7xx_hal.c.obj
 .debug_frame   0x000005f8      0x158 CMakeFiles\STM32_H7.elf.dir\Drivers\STM32H7xx_HAL_Driver\Src\stm32h7xx_hal_cortex.c.obj
 .debug_frame   0x00000750      0x49c CMakeFiles\STM32_H7.elf.dir\Drivers\STM32H7xx_HAL_Driver\Src\stm32h7xx_hal_eth.c.obj
 .debug_frame   0x00000bec       0xd0 CMakeFiles\STM32_H7.elf.dir\Drivers\STM32H7xx_HAL_Driver\Src\stm32h7xx_hal_gpio.c.obj
 .debug_frame   0x00000cbc      0x2d4 CMakeFiles\STM32_H7.elf.dir\Drivers\STM32H7xx_HAL_Driver\Src\stm32h7xx_hal_pwr_ex.c.obj
 .debug_frame   0x00000f90      0x180 CMakeFiles\STM32_H7.elf.dir\Drivers\STM32H7xx_HAL_Driver\Src\stm32h7xx_hal_rcc.c.obj
 .debug_frame   0x00001110      0x284 CMakeFiles\STM32_H7.elf.dir\Drivers\STM32H7xx_HAL_Driver\Src\stm32h7xx_hal_rcc_ex.c.obj
 .debug_frame   0x00001394      0x674 CMakeFiles\STM32_H7.elf.dir\Drivers\STM32H7xx_HAL_Driver\Src\stm32h7xx_hal_uart.c.obj
 .debug_frame   0x00001a08      0x1c8 CMakeFiles\STM32_H7.elf.dir\Drivers\STM32H7xx_HAL_Driver\Src\stm32h7xx_hal_uart_ex.c.obj
 .debug_frame   0x00001bd0       0x4c c:/progra~2/gnuarm~1/102021~1.07/bin/../lib/gcc/arm-none-eabi/10.3.1/thumb/v7e-m/nofp\libgcc.a(_arm_addsubsf3.o)
 .debug_frame   0x00001c1c       0x38 c:/progra~2/gnuarm~1/102021~1.07/bin/../lib/gcc/arm-none-eabi/10.3.1/thumb/v7e-m/nofp\libgcc.a(_arm_muldivsf3.o)
 .debug_frame   0x00001c54       0x24 c:/progra~2/gnuarm~1/102021~1.07/bin/../lib/gcc/arm-none-eabi/10.3.1/thumb/v7e-m/nofp\libgcc.a(_arm_fixunssfsi.o)
 .debug_frame   0x00001c78       0x2c c:/progra~2/gnuarm~1/102021~1.07/bin/../lib/gcc/arm-none-eabi/10.3.1/thumb/v7e-m/nofp\libgcc.a(_aeabi_uldivmod.o)
 .debug_frame   0x00001ca4       0x34 c:/progra~2/gnuarm~1/102021~1.07/bin/../lib/gcc/arm-none-eabi/10.3.1/thumb/v7e-m/nofp\libgcc.a(_udivmoddi4.o)
 .debug_frame   0x00001cd8       0x2c c:/progra~2/gnuarm~1/102021~1.07/bin/../lib/gcc/arm-none-eabi/10.3.1/../../../../arm-none-eabi/lib/thumb/v7e-m/nofp\libg.a(lib_a-init.o)
 .debug_frame   0x00001d04       0x2c c:/progra~2/gnuarm~1/102021~1.07/bin/../lib/gcc/arm-none-eabi/10.3.1/../../../../arm-none-eabi/lib/thumb/v7e-m/nofp\libg.a(lib_a-memset.o)
 .debug_frame   0x00001d30       0x5c c:/progra~2/gnuarm~1/102021~1.07/bin/../lib/gcc/arm-none-eabi/10.3.1/../../../../arm-none-eabi/lib/thumb/v7e-m/nofp\libg.a(lib_a-__call_atexit.o)
 .debug_frame   0x00001d8c       0x20 c:/progra~2/gnuarm~1/102021~1.07/bin/../lib/gcc/arm-none-eabi/10.3.1/../../../../arm-none-eabi/lib/thumb/v7e-m/nofp\libg.a(lib_a-atexit.o)
 .debug_frame   0x00001dac       0x34 c:/progra~2/gnuarm~1/102021~1.07/bin/../lib/gcc/arm-none-eabi/10.3.1/../../../../arm-none-eabi/lib/thumb/v7e-m/nofp\libg.a(lib_a-fini.o)
 .debug_frame   0x00001de0       0xb0 c:/progra~2/gnuarm~1/102021~1.07/bin/../lib/gcc/arm-none-eabi/10.3.1/../../../../arm-none-eabi/lib/thumb/v7e-m/nofp\libg.a(lib_a-lock.o)
 .debug_frame   0x00001e90       0x34 c:/progra~2/gnuarm~1/102021~1.07/bin/../lib/gcc/arm-none-eabi/10.3.1/../../../../arm-none-eabi/lib/thumb/v7e-m/nofp\libg.a(lib_a-__atexit.o)

.debug_loc      0x00000000     0x861d
 .debug_loc     0x00000000       0xe8 CMakeFiles\STM32_H7.elf.dir\Core\Src\stm32h7xx_hal_msp.c.obj
 .debug_loc     0x000000e8      0x21e CMakeFiles\STM32_H7.elf.dir\Core\Src\system_stm32h7xx.c.obj
 .debug_loc     0x00000306      0x3fa CMakeFiles\STM32_H7.elf.dir\Drivers\STM32H7xx_HAL_Driver\Src\stm32h7xx_hal.c.obj
 .debug_loc     0x00000700      0x726 CMakeFiles\STM32_H7.elf.dir\Drivers\STM32H7xx_HAL_Driver\Src\stm32h7xx_hal_cortex.c.obj
 .debug_loc     0x00000e26     0x1f3a CMakeFiles\STM32_H7.elf.dir\Drivers\STM32H7xx_HAL_Driver\Src\stm32h7xx_hal_eth.c.obj
 .debug_loc     0x00002d60      0x3c7 CMakeFiles\STM32_H7.elf.dir\Drivers\STM32H7xx_HAL_Driver\Src\stm32h7xx_hal_gpio.c.obj
 .debug_loc     0x00003127      0x423 CMakeFiles\STM32_H7.elf.dir\Drivers\STM32H7xx_HAL_Driver\Src\stm32h7xx_hal_pwr_ex.c.obj
 .debug_loc     0x0000354a      0x919 CMakeFiles\STM32_H7.elf.dir\Drivers\STM32H7xx_HAL_Driver\Src\stm32h7xx_hal_rcc.c.obj
 .debug_loc     0x00003e63     0x19d2 CMakeFiles\STM32_H7.elf.dir\Drivers\STM32H7xx_HAL_Driver\Src\stm32h7xx_hal_rcc_ex.c.obj
 .debug_loc     0x00005835     0x23d4 CMakeFiles\STM32_H7.elf.dir\Drivers\STM32H7xx_HAL_Driver\Src\stm32h7xx_hal_uart.c.obj
 .debug_loc     0x00007c09      0xa14 CMakeFiles\STM32_H7.elf.dir\Drivers\STM32H7xx_HAL_Driver\Src\stm32h7xx_hal_uart_ex.c.obj
