Archive member included to satisfy reference by file (symbol)

c:/st/stm32cubeide_1.7.0/stm32cubeide/plugins/com.st.stm32cube.ide.mcu.externaltools.gnu-tools-for-stm32.9-2020-q2-update.win32_2.0.0.202105311346/tools/bin/../lib/gcc/arm-none-eabi/9.3.1/../../../../arm-none-eabi/lib/thumb/v7e-m+dp/hard\libc_nano.a(lib_a-errno.o)
                              ./Core/Src/syscalls.o (__errno)
c:/st/stm32cubeide_1.7.0/stm32cubeide/plugins/com.st.stm32cube.ide.mcu.externaltools.gnu-tools-for-stm32.9-2020-q2-update.win32_2.0.0.202105311346/tools/bin/../lib/gcc/arm-none-eabi/9.3.1/../../../../arm-none-eabi/lib/thumb/v7e-m+dp/hard\libc_nano.a(lib_a-exit.o)
                              c:/st/stm32cubeide_1.7.0/stm32cubeide/plugins/com.st.stm32cube.ide.mcu.externaltools.gnu-tools-for-stm32.9-2020-q2-update.win32_2.0.0.202105311346/tools/bin/../lib/gcc/arm-none-eabi/9.3.1/../../../../arm-none-eabi/lib/thumb/v7e-m+dp/hard/crt0.o (exit)
c:/st/stm32cubeide_1.7.0/stm32cubeide/plugins/com.st.stm32cube.ide.mcu.externaltools.gnu-tools-for-stm32.9-2020-q2-update.win32_2.0.0.202105311346/tools/bin/../lib/gcc/arm-none-eabi/9.3.1/../../../../arm-none-eabi/lib/thumb/v7e-m+dp/hard\libc_nano.a(lib_a-impure.o)
                              c:/st/stm32cubeide_1.7.0/stm32cubeide/plugins/com.st.stm32cube.ide.mcu.externaltools.gnu-tools-for-stm32.9-2020-q2-update.win32_2.0.0.202105311346/tools/bin/../lib/gcc/arm-none-eabi/9.3.1/../../../../arm-none-eabi/lib/thumb/v7e-m+dp/hard\libc_nano.a(lib_a-exit.o) (_global_impure_ptr)
c:/st/stm32cubeide_1.7.0/stm32cubeide/plugins/com.st.stm32cube.ide.mcu.externaltools.gnu-tools-for-stm32.9-2020-q2-update.win32_2.0.0.202105311346/tools/bin/../lib/gcc/arm-none-eabi/9.3.1/../../../../arm-none-eabi/lib/thumb/v7e-m+dp/hard\libc_nano.a(lib_a-init.o)
                              c:/st/stm32cubeide_1.7.0/stm32cubeide/plugins/com.st.stm32cube.ide.mcu.externaltools.gnu-tools-for-stm32.9-2020-q2-update.win32_2.0.0.202105311346/tools/bin/../lib/gcc/arm-none-eabi/9.3.1/../../../../arm-none-eabi/lib/thumb/v7e-m+dp/hard/crt0.o (__libc_init_array)
c:/st/stm32cubeide_1.7.0/stm32cubeide/plugins/com.st.stm32cube.ide.mcu.externaltools.gnu-tools-for-stm32.9-2020-q2-update.win32_2.0.0.202105311346/tools/bin/../lib/gcc/arm-none-eabi/9.3.1/../../../../arm-none-eabi/lib/thumb/v7e-m+dp/hard\libc_nano.a(lib_a-memset.o)
                              c:/st/stm32cubeide_1.7.0/stm32cubeide/plugins/com.st.stm32cube.ide.mcu.externaltools.gnu-tools-for-stm32.9-2020-q2-update.win32_2.0.0.202105311346/tools/bin/../lib/gcc/arm-none-eabi/9.3.1/../../../../arm-none-eabi/lib/thumb/v7e-m+dp/hard/crt0.o (memset)
c:/st/stm32cubeide_1.7.0/stm32cubeide/plugins/com.st.stm32cube.ide.mcu.externaltools.gnu-tools-for-stm32.9-2020-q2-update.win32_2.0.0.202105311346/tools/bin/../lib/gcc/arm-none-eabi/9.3.1/thumb/v7e-m+dp/hard\libgcc.a(_aeabi_uldivmod.o)
                              ./Drivers/STM32H7xx_HAL_Driver/Src/stm32h7xx_hal_uart.o (__aeabi_uldivmod)
c:/st/stm32cubeide_1.7.0/stm32cubeide/plugins/com.st.stm32cube.ide.mcu.externaltools.gnu-tools-for-stm32.9-2020-q2-update.win32_2.0.0.202105311346/tools/bin/../lib/gcc/arm-none-eabi/9.3.1/thumb/v7e-m+dp/hard\libgcc.a(_udivmoddi4.o)
                              c:/st/stm32cubeide_1.7.0/stm32cubeide/plugins/com.st.stm32cube.ide.mcu.externaltools.gnu-tools-for-stm32.9-2020-q2-update.win32_2.0.0.202105311346/tools/bin/../lib/gcc/arm-none-eabi/9.3.1/thumb/v7e-m+dp/hard\libgcc.a(_aeabi_uldivmod.o) (__udivmoddi4)
c:/st/stm32cubeide_1.7.0/stm32cubeide/plugins/com.st.stm32cube.ide.mcu.externaltools.gnu-tools-for-stm32.9-2020-q2-update.win32_2.0.0.202105311346/tools/bin/../lib/gcc/arm-none-eabi/9.3.1/thumb/v7e-m+dp/hard\libgcc.a(_dvmd_tls.o)
                              c:/st/stm32cubeide_1.7.0/stm32cubeide/plugins/com.st.stm32cube.ide.mcu.externaltools.gnu-tools-for-stm32.9-2020-q2-update.win32_2.0.0.202105311346/tools/bin/../lib/gcc/arm-none-eabi/9.3.1/thumb/v7e-m+dp/hard\libgcc.a(_aeabi_uldivmod.o) (__aeabi_ldiv0)

Allocating common symbols
Common symbol       size              file

huart3              0x90              ./Core/Src/main.o
uwTick              0x4               ./Drivers/STM32H7xx_HAL_Driver/Src/stm32h7xx_hal.o
pFlash              0x1c              ./Drivers/STM32H7xx_HAL_Driver/Src/stm32h7xx_hal_flash.o
hadc1               0x70              ./Core/Src/main.o
htim1               0x4c              ./Core/Src/main.o
hspi1               0x88              ./Core/Src/main.o
heth                0x88              ./Core/Src/main.o
TxConfig            0x34              ./Core/Src/main.o

Discarded input sections

 .text          0x0000000000000000        0x0 c:/st/stm32cubeide_1.7.0/stm32cubeide/plugins/com.st.stm32cube.ide.mcu.externaltools.gnu-tools-for-stm32.9-2020-q2-update.win32_2.0.0.202105311346/tools/bin/../lib/gcc/arm-none-eabi/9.3.1/thumb/v7e-m+dp/hard/crti.o
[...]
Memory Configuration

Name             Origin             Length             Attributes
ITCMRAM          0x0000000000000000 0x0000000000010000 xrw
DTCMRAM          0x0000000020000000 0x0000000000020000 xrw
FLASH            0x0000000008000000 0x0000000000100000 xr
RAM_D1           0x0000000024000000 0x0000000000050000 xrw
RAM_D2           0x0000000030000000 0x0000000000008000 xrw
RAM_D3           0x0000000038000000 0x0000000000004000 xrw
*default*        0x0000000000000000 0xffffffffffffffff

Linker script and memory map

LOAD c:/st/stm32cubeide_1.7.0/stm32cubeide/plugins/com.st.stm32cube.ide.mcu.externaltools.gnu-tools-for-stm32.9-2020-q2-update.win32_2.0.0.202105311346/tools/bin/../lib/gcc/arm-none-eabi/9.3.1/thumb/v7e-m+dp/hard/crti.o
LOAD c:/st/stm32cubeide_1.7.0/stm32cubeide/plugins/com.st.stm32cube.ide.mcu.externaltools.gnu-tools-for-stm32.9-2020-q2-update.win32_2.0.0.202105311346/tools/bin/../lib/gcc/arm-none-eabi/9.3.1/thumb/v7e-m+dp/hard/crtbegin.o
LOAD c:/st/stm32cubeide_1.7.0/stm32cubeide/plugins/com.st.stm32cube.ide.mcu.externaltools.gnu-tools-for-stm32.9-2020-q2-update.win32_2.0.0.202105311346/tools/bin/../lib/gcc/arm-none-eabi/9.3.1/../../../../arm-none-eabi/lib/thumb/v7e-m+dp/hard/crt0.o
LOAD ./Core/Src/as5247u.o
LOAD ./Core/Src/drv8323.o
LOAD ./Core/Src/main.o
LOAD ./Core/Src/stm32h7xx_hal_msp.o
LOAD ./Core/Src/stm32h7xx_it.o
LOAD ./Core/Src/syscalls.o
LOAD ./Core/Src/sysmem.o
LOAD ./Core/Src/system_stm32h7xx.o
LOAD ./Core/Startup/startup_stm32h723zgtx.o
LOAD ./Drivers/STM32H7xx_HAL_Driver/Src/stm32h7xx_hal.o
LOAD ./Drivers/STM32H7xx_HAL_Driver/Src/stm32h7xx_hal_adc.o
LOAD ./Drivers/STM32H7xx_HAL_Driver/Src/stm32h7xx_hal_adc_ex.o
LOAD ./Drivers/STM32H7xx_HAL_Driver/Src/stm32h7xx_hal_cortex.o
LOAD ./Drivers/STM32H7xx_HAL_Driver/Src/stm32h7xx_hal_dma.o
LOAD ./Drivers/STM32H7xx_HAL_Driver/Src/stm32h7xx_hal_dma_ex.o
LOAD ./Drivers/STM32H7xx_HAL_Driver/Src/stm32h7xx_hal_eth.o
LOAD ./Drivers/STM32H7xx_HAL_Driver/Src/stm32h7xx_hal_eth_ex.o
LOAD ./Drivers/STM32H7xx_HAL_Driver/Src/stm32h7xx_hal_exti.o
LOAD ./Drivers/STM32H7xx_HAL_Driver/Src/stm32h7xx_hal_flash.o
LOAD ./Drivers/STM32H7xx_HAL_Driver/Src/stm32h7xx_hal_flash_ex.o
LOAD ./Drivers/STM32H7xx_HAL_Driver/Src/stm32h7xx_hal_gpio.o
LOAD ./Drivers/STM32H7xx_HAL_Driver/Src/stm32h7xx_hal_hsem.o
LOAD ./Drivers/STM32H7xx_HAL_Driver/Src/stm32h7xx_hal_i2c.o
LOAD ./Drivers/STM32H7xx_HAL_Driver/Src/stm32h7xx_hal_i2c_ex.o
LOAD ./Drivers/STM32H7xx_HAL_Driver/Src/stm32h7xx_hal_mdma.o
LOAD ./Drivers/STM32H7xx_HAL_Driver/Src/stm32h7xx_hal_pwr.o
LOAD ./Drivers/STM32H7xx_HAL_Driver/Src/stm32h7xx_hal_pwr_ex.o
LOAD ./Drivers/STM32H7xx_HAL_Driver/Src/stm32h7xx_hal_rcc.o
LOAD ./Drivers/STM32H7xx_HAL_Driver/Src/stm32h7xx_hal_rcc_ex.o
LOAD ./Drivers/STM32H7xx_HAL_Driver/Src/stm32h7xx_hal_spi.o
LOAD ./Drivers/STM32H7xx_HAL_Driver/Src/stm32h7xx_hal_spi_ex.o
LOAD ./Drivers/STM32H7xx_HAL_Driver/Src/stm32h7xx_hal_tim.o
LOAD ./Drivers/STM32H7xx_HAL_Driver/Src/stm32h7xx_hal_tim_ex.o
LOAD ./Drivers/STM32H7xx_HAL_Driver/Src/stm32h7xx_hal_uart.o
LOAD ./Drivers/STM32H7xx_HAL_Driver/Src/stm32h7xx_hal_uart_ex.o
START GROUP
LOAD c:/st/stm32cubeide_1.7.0/stm32cubeide/plugins/com.st.stm32cube.ide.mcu.externaltools.gnu-tools-for-stm32.9-2020-q2-update.win32_2.0.0.202105311346/tools/bin/../lib/gcc/arm-none-eabi/9.3.1/../../../../arm-none-eabi/lib/thumb/v7e-m+dp/hard\libstdc++_nano.a
LOAD c:/st/stm32cubeide_1.7.0/stm32cubeide/plugins/com.st.stm32cube.ide.mcu.externaltools.gnu-tools-for-stm32.9-2020-q2-update.win32_2.0.0.202105311346/tools/bin/../lib/gcc/arm-none-eabi/9.3.1/../../../../arm-none-eabi/lib/thumb/v7e-m+dp/hard\libsupc++_nano.a
END GROUP
LOAD c:/st/stm32cubeide_1.7.0/stm32cubeide/plugins/com.st.stm32cube.ide.mcu.externaltools.gnu-tools-for-stm32.9-2020-q2-update.win32_2.0.0.202105311346/tools/bin/../lib/gcc/arm-none-eabi/9.3.1/../../../../arm-none-eabi/lib/thumb/v7e-m+dp/hard\libstdc++_nano.a
LOAD c:/st/stm32cubeide_1.7.0/stm32cubeide/plugins/com.st.stm32cube.ide.mcu.externaltools.gnu-tools-for-stm32.9-2020-q2-update.win32_2.0.0.202105311346/tools/bin/../lib/gcc/arm-none-eabi/9.3.1/../../../../arm-none-eabi/lib/thumb/v7e-m+dp/hard\libm.a
LOAD c:/st/stm32cubeide_1.7.0/stm32cubeide/plugins/com.st.stm32cube.ide.mcu.externaltools.gnu-tools-for-stm32.9-2020-q2-update.win32_2.0.0.202105311346/tools/bin/../lib/gcc/arm-none-eabi/9.3.1/../../../../arm-none-eabi/lib/thumb/v7e-m+dp/hard\libc_nano.a
START GROUP
LOAD c:/st/stm32cubeide_1.7.0/stm32cubeide/plugins/com.st.stm32cube.ide.mcu.externaltools.gnu-tools-for-stm32.9-2020-q2-update.win32_2.0.0.202105311346/tools/bin/../lib/gcc/arm-none-eabi/9.3.1/thumb/v7e-m+dp/hard\libgcc.a
LOAD c:/st/stm32cubeide_1.7.0/stm32cubeide/plugins/com.st.stm32cube.ide.mcu.externaltools.gnu-tools-for-stm32.9-2020-q2-update.win32_2.0.0.202105311346/tools/bin/../lib/gcc/arm-none-eabi/9.3.1/../../../../arm-none-eabi/lib/thumb/v7e-m+dp/hard\libc_nano.a
END GROUP
START GROUP
LOAD c:/st/stm32cubeide_1.7.0/stm32cubeide/plugins/com.st.stm32cube.ide.mcu.externaltools.gnu-tools-for-stm32.9-2020-q2-update.win32_2.0.0.202105311346/tools/bin/../lib/gcc/arm-none-eabi/9.3.1/thumb/v7e-m+dp/hard\libgcc.a
LOAD c:/st/stm32cubeide_1.7.0/stm32cubeide/plugins/com.st.stm32cube.ide.mcu.externaltools.gnu-tools-for-stm32.9-2020-q2-update.win32_2.0.0.202105311346/tools/bin/../lib/gcc/arm-none-eabi/9.3.1/../../../../arm-none-eabi/lib/thumb/v7e-m+dp/hard\libc_nano.a
END GROUP
LOAD c:/st/stm32cubeide_1.7.0/stm32cubeide/plugins/com.st.stm32cube.ide.mcu.externaltools.gnu-tools-for-stm32.9-2020-q2-update.win32_2.0.0.202105311346/tools/bin/../lib/gcc/arm-none-eabi/9.3.1/thumb/v7e-m+dp/hard/crtend.o
LOAD c:/st/stm32cubeide_1.7.0/stm32cubeide/plugins/com.st.stm32cube.ide.mcu.externaltools.gnu-tools-for-stm32.9-2020-q2-update.win32_2.0.0.202105311346/tools/bin/../lib/gcc/arm-none-eabi/9.3.1/thumb/v7e-m+dp/hard/crtn.o
                0x0000000024050000                _estack = (ORIGIN (RAM_D1) + LENGTH (RAM_D1))
                0x0000000000000200                _Min_Heap_Size = 0x200
                0x0000000000000400                _Min_Stack_Size = 0x400

.isr_vector     0x0000000008000000      0x2cc
                0x0000000008000000                . = ALIGN (0x4)
 *(.isr_vector)
 .isr_vector    0x0000000008000000      0x2cc ./Core/Startup/startup_stm32h723zgtx.o
                0x0000000008000000                g_pfnVectors
                0x00000000080002cc                . = ALIGN (0x4)

.text           0x00000000080002cc     0x8810
                0x00000000080002cc                . = ALIGN (0x4)
 *(.text)
 .text          0x00000000080002cc       0x40 c:/st/stm32cubeide_1.7.0/stm32cubeide/plugins/com.st.stm32cube.ide.mcu.externaltools.gnu-tools-for-stm32.9-2020-q2-update.win32_2.0.0.202105311346/tools/bin/../lib/gcc/arm-none-eabi/9.3.1/thumb/v7e-m+dp/hard/crtbegin.o
 .text          0x000000000800030c       0x30 c:/st/stm32cubeide_1.7.0/stm32cubeide/plugins/com.st.stm32cube.ide.mcu.externaltools.gnu-tools-for-stm32.9-2020-q2-update.win32_2.0.0.202105311346/tools/bin/../lib/gcc/arm-none-eabi/9.3.1/thumb/v7e-m+dp/hard\libgcc.a(_aeabi_uldivmod.o)
                0x000000000800030c                __aeabi_uldivmod
 .text          0x000000000800033c      0x2c4 c:/st/stm32cubeide_1.7.0/stm32cubeide/plugins/com.st.stm32cube.ide.mcu.externaltools.gnu-tools-for-stm32.9-2020-q2-update.win32_2.0.0.202105311346/tools/bin/../lib/gcc/arm-none-eabi/9.3.1/thumb/v7e-m+dp/hard\libgcc.a(_udivmoddi4.o)
                0x000000000800033c                __udivmoddi4
 .text          0x0000000008000600        0x4 c:/st/stm32cubeide_1.7.0/stm32cubeide/plugins/com.st.stm32cube.ide.mcu.externaltools.gnu-tools-for-stm32.9-2020-q2-update.win32_2.0.0.202105311346/tools/bin/../lib/gcc/arm-none-eabi/9.3.1/thumb/v7e-m+dp/hard\libgcc.a(_dvmd_tls.o)
                0x0000000008000600                __aeabi_idiv0
                0x0000000008000600                __aeabi_ldiv0
 *(.text*)
 .text.AS5247U_Initialize
                0x0000000008000604       0x46 ./Core/Src/as5247u.o
                0x0000000008000604                AS5247U_Initialize
 .text.AS5247U_ReadSPI
                0x000000000800064a       0x60 ./Core/Src/as5247u.o
                0x000000000800064a                AS5247U_ReadSPI
 .text.AS5247U_GetErrorReg
                0x00000000080006aa       0x1a ./Core/Src/as5247u.o
                0x00000000080006aa                AS5247U_GetErrorReg
 .text.main     0x00000000080006c4       0x5c ./Core/Src/main.o
                0x00000000080006c4                main
 .text.SystemClock_Config
                0x0000000008000720       0xf4 ./Core/Src/main.o
                0x0000000008000720                SystemClock_Config
 .text.MX_ADC1_Init
                0x0000000008000814       0xf0 ./Core/Src/main.o
 .text.MX_ETH_Init
                0x0000000008000904       0x98 ./Core/Src/main.o
 .text.MX_SPI1_Init
                0x000000000800099c       0xb0 ./Core/Src/main.o
 .text.MX_TIM1_Init
                0x0000000008000a4c       0xb4 ./Core/Src/main.o
 .text.MX_USART3_UART_Init
                0x0000000008000b00       0x98 ./Core/Src/main.o
 .text.MX_USB_OTG_HS_USB_Init
                0x0000000008000b98        0xe ./Core/Src/main.o
 *fill*         0x0000000008000ba6        0x2 
 .text.MX_GPIO_Init
                0x0000000008000ba8      0x244 ./Core/Src/main.o
 .text.Error_Handler
                0x0000000008000dec        0xa ./Core/Src/main.o
                0x0000000008000dec                Error_Handler
 *fill*         0x0000000008000df6        0x2 
 .text.HAL_MspInit
                0x0000000008000df8       0x34 ./Core/Src/stm32h7xx_hal_msp.o
                0x0000000008000df8                HAL_MspInit
 .text.HAL_ADC_MspInit
                0x0000000008000e2c      0x120 ./Core/Src/stm32h7xx_hal_msp.o
                0x0000000008000e2c                HAL_ADC_MspInit
 .text.HAL_ETH_MspInit
                0x0000000008000f4c      0x19c ./Core/Src/stm32h7xx_hal_msp.o
                0x0000000008000f4c                HAL_ETH_MspInit
 .text.HAL_SPI_MspInit
                0x00000000080010e8      0x114 ./Core/Src/stm32h7xx_hal_msp.o
                0x00000000080010e8                HAL_SPI_MspInit
 .text.HAL_TIM_Encoder_MspInit
                0x00000000080011fc       0x94 ./Core/Src/stm32h7xx_hal_msp.o
                0x00000000080011fc                HAL_TIM_Encoder_MspInit
 .text.HAL_UART_MspInit
                0x0000000008001290       0xcc ./Core/Src/stm32h7xx_hal_msp.o
                0x0000000008001290                HAL_UART_MspInit
 .text.NMI_Handler
                0x000000000800135c        0x6 ./Core/Src/stm32h7xx_it.o
                0x000000000800135c                NMI_Handler
 .text.HardFault_Handler
                0x0000000008001362        0x6 ./Core/Src/stm32h7xx_it.o
                0x0000000008001362                HardFault_Handler
 .text.MemManage_Handler
                0x0000000008001368        0x6 ./Core/Src/stm32h7xx_it.o
                0x0000000008001368                MemManage_Handler
 .text.BusFault_Handler
                0x000000000800136e        0x6 ./Core/Src/stm32h7xx_it.o
                0x000000000800136e                BusFault_Handler
 .text.UsageFault_Handler
                0x0000000008001374        0x6 ./Core/Src/stm32h7xx_it.o
                0x0000000008001374                UsageFault_Handler
 .text.SVC_Handler
                0x000000000800137a        0xe ./Core/Src/stm32h7xx_it.o
                0x000000000800137a                SVC_Handler
 .text.DebugMon_Handler
                0x0000000008001388        0xe ./Core/Src/stm32h7xx_it.o
                0x0000000008001388                DebugMon_Handler
 .text.PendSV_Handler
                0x0000000008001396        0xe ./Core/Src/stm32h7xx_it.o
                0x0000000008001396                PendSV_Handler
 .text.SysTick_Handler
                0x00000000080013a4        0xc ./Core/Src/stm32h7xx_it.o
                0x00000000080013a4                SysTick_Handler
 .text.SystemInit
                0x00000000080013b0       0xf8 ./Core/Src/system_stm32h7xx.o
                0x00000000080013b0                SystemInit
 .text.Reset_Handler
                0x00000000080014a8       0x50 ./Core/Startup/startup_stm32h723zgtx.o
                0x00000000080014a8                Reset_Handler
 .text.Default_Handler
                0x00000000080014f8        0x2 ./Core/Startup/startup_stm32h723zgtx.o
                0x00000000080014f8                RTC_Alarm_IRQHandler
                0x00000000080014f8                EXTI2_IRQHandler
                0x00000000080014f8                TIM8_CC_IRQHandler
                0x00000000080014f8                UART8_IRQHandler
                0x00000000080014f8                SPI4_IRQHandler
                0x00000000080014f8                FDCAN3_IT0_IRQHandler
                0x00000000080014f8                TIM1_CC_IRQHandler
                0x00000000080014f8                BDMA_Channel6_IRQHandler
                0x00000000080014f8                DMA2_Stream5_IRQHandler
                0x00000000080014f8                DMA1_Stream5_IRQHandler
                0x00000000080014f8                CORDIC_IRQHandler
                0x00000000080014f8                BDMA_Channel1_IRQHandler
                0x00000000080014f8                TAMP_STAMP_IRQHandler
                0x00000000080014f8                EXTI3_IRQHandler
                0x00000000080014f8                LPTIM4_IRQHandler
                0x00000000080014f8                TIM8_TRG_COM_TIM14_IRQHandler
                0x00000000080014f8                LPTIM2_IRQHandler
                0x00000000080014f8                DFSDM1_FLT1_IRQHandler
                0x00000000080014f8                DMAMUX2_OVR_IRQHandler
                0x00000000080014f8                TIM8_UP_TIM13_IRQHandler
                0x00000000080014f8                I2C3_ER_IRQHandler
                0x00000000080014f8                DFSDM1_FLT2_IRQHandler
                0x00000000080014f8                I2C5_EV_IRQHandler
                0x00000000080014f8                USART10_IRQHandler
                0x00000000080014f8                MDMA_IRQHandler
                0x00000000080014f8                LPTIM3_IRQHandler
                0x00000000080014f8                HSEM1_IRQHandler
                0x00000000080014f8                EXTI0_IRQHandler
                0x00000000080014f8                I2C2_EV_IRQHandler
                0x00000000080014f8                DMA1_Stream2_IRQHandler
                0x00000000080014f8                FPU_IRQHandler
                0x00000000080014f8                OTG_HS_WKUP_IRQHandler
                0x00000000080014f8                FDCAN1_IT1_IRQHandler
                0x00000000080014f8                LTDC_ER_IRQHandler
                0x00000000080014f8                DMA2_Stream2_IRQHandler
                0x00000000080014f8                SPI1_IRQHandler
                0x00000000080014f8                OCTOSPI1_IRQHandler
                0x00000000080014f8                TIM6_DAC_IRQHandler
                0x00000000080014f8                DMA2_Stream3_IRQHandler
                0x00000000080014f8                OCTOSPI2_IRQHandler
                0x00000000080014f8                DFSDM1_FLT3_IRQHandler
                0x00000000080014f8                TIM23_IRQHandler
                0x00000000080014f8                USART6_IRQHandler
                0x00000000080014f8                TIM17_IRQHandler
                0x00000000080014f8                USART3_IRQHandler
                0x00000000080014f8                BDMA_Channel7_IRQHandler
                0x00000000080014f8                LPTIM5_IRQHandler
                0x00000000080014f8                UART5_IRQHandler
                0x00000000080014f8                ADC3_IRQHandler
                0x00000000080014f8                DMA2_Stream0_IRQHandler
                0x00000000080014f8                TIM4_IRQHandler
                0x00000000080014f8                BDMA_Channel2_IRQHandler
                0x00000000080014f8                I2C1_EV_IRQHandler
                0x00000000080014f8                DMA1_Stream6_IRQHandler
                0x00000000080014f8                DMAMUX1_OVR_IRQHandler
                0x00000000080014f8                DMA1_Stream1_IRQHandler
                0x00000000080014f8                TIM16_IRQHandler
                0x00000000080014f8                UART4_IRQHandler
                0x00000000080014f8                BDMA_Channel5_IRQHandler
                0x00000000080014f8                TIM3_IRQHandler
                0x00000000080014f8                RCC_IRQHandler
                0x00000000080014f8                UART9_IRQHandler
                0x00000000080014f8                TIM8_BRK_TIM12_IRQHandler
                0x00000000080014f8                TIM1_TRG_COM_IRQHandler
                0x00000000080014f8                Default_Handler
                0x00000000080014f8                ECC_IRQHandler
                0x00000000080014f8                FMAC_IRQHandler
                0x00000000080014f8                CEC_IRQHandler
                0x00000000080014f8                EXTI15_10_IRQHandler
                0x00000000080014f8                BDMA_Channel0_IRQHandler
                0x00000000080014f8                ADC_IRQHandler
                0x00000000080014f8                I2C5_ER_IRQHandler
                0x00000000080014f8                DMA1_Stream7_IRQHandler
                0x00000000080014f8                SPI5_IRQHandler
                0x00000000080014f8                TIM7_IRQHandler
                0x00000000080014f8                FDCAN3_IT1_IRQHandler
                0x00000000080014f8                SDMMC1_IRQHandler
                0x00000000080014f8                TIM5_IRQHandler
                0x00000000080014f8                DMA2_Stream7_IRQHandler
                0x00000000080014f8                TIM15_IRQHandler
                0x00000000080014f8                PVD_AVD_IRQHandler
                0x00000000080014f8                I2C3_EV_IRQHandler
                0x00000000080014f8                EXTI9_5_IRQHandler
                0x00000000080014f8                RTC_WKUP_IRQHandler
                0x00000000080014f8                LTDC_IRQHandler
                0x00000000080014f8                ETH_WKUP_IRQHandler
                0x00000000080014f8                SPDIF_RX_IRQHandler
                0x00000000080014f8                SPI2_IRQHandler
                0x00000000080014f8                OTG_HS_EP1_IN_IRQHandler
                0x00000000080014f8                DMA1_Stream0_IRQHandler
                0x00000000080014f8                TIM24_IRQHandler
                0x00000000080014f8                CRS_IRQHandler
                0x00000000080014f8                EXTI4_IRQHandler
                0x00000000080014f8                RNG_IRQHandler
                0x00000000080014f8                FDCAN2_IT1_IRQHandler
                0x00000000080014f8                ETH_IRQHandler
                0x00000000080014f8                TIM1_UP_IRQHandler
                0x00000000080014f8                BDMA_Channel4_IRQHandler
                0x00000000080014f8                OTG_HS_EP1_OUT_IRQHandler
                0x00000000080014f8                WWDG_IRQHandler
                0x00000000080014f8                SPI6_IRQHandler
                0x00000000080014f8                MDIOS_IRQHandler
                0x00000000080014f8                I2C4_EV_IRQHandler
                0x00000000080014f8                FDCAN2_IT0_IRQHandler
                0x00000000080014f8                LPUART1_IRQHandler
                0x00000000080014f8                FDCAN1_IT0_IRQHandler
                0x00000000080014f8                TIM2_IRQHandler
                0x00000000080014f8                OTG_HS_IRQHandler
                0x00000000080014f8                DMA2D_IRQHandler
                0x00000000080014f8                TIM1_BRK_IRQHandler
                0x00000000080014f8                EXTI1_IRQHandler
                0x00000000080014f8                SDMMC2_IRQHandler
                0x00000000080014f8                BDMA_Channel3_IRQHandler
                0x00000000080014f8                DTS_IRQHandler
                0x00000000080014f8                UART7_IRQHandler
                0x00000000080014f8                MDIOS_WKUP_IRQHandler
                0x00000000080014f8                USART2_IRQHandler
                0x00000000080014f8                DFSDM1_FLT0_IRQHandler
                0x00000000080014f8                SAI4_IRQHandler
                0x00000000080014f8                I2C2_ER_IRQHandler
                0x00000000080014f8                DMA2_Stream1_IRQHandler
                0x00000000080014f8                FLASH_IRQHandler
                0x00000000080014f8                DMA2_Stream4_IRQHandler
                0x00000000080014f8                USART1_IRQHandler
                0x00000000080014f8                SPI3_IRQHandler
                0x00000000080014f8                WAKEUP_PIN_IRQHandler
                0x00000000080014f8                DMA1_Stream4_IRQHandler
                0x00000000080014f8                I2C1_ER_IRQHandler
                0x00000000080014f8                FMC_IRQHandler
                0x00000000080014f8                FDCAN_CAL_IRQHandler
                0x00000000080014f8                SWPMI1_IRQHandler
                0x00000000080014f8                COMP1_IRQHandler
                0x00000000080014f8                LPTIM1_IRQHandler
                0x00000000080014f8                DCMI_PSSI_IRQHandler
                0x00000000080014f8                I2C4_ER_IRQHandler
                0x00000000080014f8                DMA2_Stream6_IRQHandler
                0x00000000080014f8                SAI1_IRQHandler
                0x00000000080014f8                DMA1_Stream3_IRQHandler
 *fill*         0x00000000080014fa        0x2 
 .text.HAL_Init
                0x00000000080014fc       0x78 ./Drivers/STM32H7xx_HAL_Driver/Src/stm32h7xx_hal.o
                0x00000000080014fc                HAL_Init
 .text.HAL_InitTick
                0x0000000008001574       0x6c ./Drivers/STM32H7xx_HAL_Driver/Src/stm32h7xx_hal.o
                0x0000000008001574                HAL_InitTick
 .text.HAL_IncTick
                0x00000000080015e0       0x28 ./Drivers/STM32H7xx_HAL_Driver/Src/stm32h7xx_hal.o
                0x00000000080015e0                HAL_IncTick
 .text.HAL_GetTick
                0x0000000008001608       0x18 ./Drivers/STM32H7xx_HAL_Driver/Src/stm32h7xx_hal.o
                0x0000000008001608                HAL_GetTick
 .text.HAL_Delay
                0x0000000008001620       0x48 ./Drivers/STM32H7xx_HAL_Driver/Src/stm32h7xx_hal.o
                0x0000000008001620                HAL_Delay
 .text.HAL_SYSCFG_ETHInterfaceSelect
                0x0000000008001668       0x28 ./Drivers/STM32H7xx_HAL_Driver/Src/stm32h7xx_hal.o
                0x0000000008001668                HAL_SYSCFG_ETHInterfaceSelect
 .text.LL_ADC_SetCommonClock
                0x0000000008001690       0x26 ./Drivers/STM32H7xx_HAL_Driver/Src/stm32h7xx_hal_adc.o
 .text.LL_ADC_SetCommonPathInternalCh
                0x00000000080016b6       0x26 ./Drivers/STM32H7xx_HAL_Driver/Src/stm32h7xx_hal_adc.o
 .text.LL_ADC_GetCommonPathInternalCh
                0x00000000080016dc       0x1c ./Drivers/STM32H7xx_HAL_Driver/Src/stm32h7xx_hal_adc.o
 .text.LL_ADC_SetOffset
                0x00000000080016f8       0x64 ./Drivers/STM32H7xx_HAL_Driver/Src/stm32h7xx_hal_adc.o
 .text.LL_ADC_GetOffsetChannel
                0x000000000800175c       0x2c ./Drivers/STM32H7xx_HAL_Driver/Src/stm32h7xx_hal_adc.o
 .text.LL_ADC_SetDataRightShift
                0x0000000008001788       0x32 ./Drivers/STM32H7xx_HAL_Driver/Src/stm32h7xx_hal_adc.o
 *fill*         0x00000000080017ba        0x2 
 .text.LL_ADC_SetOffsetSignedSaturation
                0x00000000080017bc       0x44 ./Drivers/STM32H7xx_HAL_Driver/Src/stm32h7xx_hal_adc.o
 .text.LL_ADC_SetOffsetSaturation
                0x0000000008001800       0x44 ./Drivers/STM32H7xx_HAL_Driver/Src/stm32h7xx_hal_adc.o
 .text.LL_ADC_SetOffsetSign
                0x0000000008001844       0x44 ./Drivers/STM32H7xx_HAL_Driver/Src/stm32h7xx_hal_adc.o
 .text.LL_ADC_SetOffsetState
                0x0000000008001888       0x54 ./Drivers/STM32H7xx_HAL_Driver/Src/stm32h7xx_hal_adc.o
 .text.LL_ADC_REG_SetSequencerRanks
                0x00000000080018dc       0x58 ./Drivers/STM32H7xx_HAL_Driver/Src/stm32h7xx_hal_adc.o
 .text.LL_ADC_SetChannelSamplingTime
                0x0000000008001934       0x56 ./Drivers/STM32H7xx_HAL_Driver/Src/stm32h7xx_hal_adc.o
 *fill*         0x000000000800198a        0x2 
 .text.LL_ADC_SetChannelSingleDiff
                0x000000000800198c       0x80 ./Drivers/STM32H7xx_HAL_Driver/Src/stm32h7xx_hal_adc.o
 .text.LL_ADC_DisableDeepPowerDown
                0x0000000008001a0c       0x24 ./Drivers/STM32H7xx_HAL_Driver/Src/stm32h7xx_hal_adc.o
 .text.LL_ADC_IsDeepPowerDownEnabled
                0x0000000008001a30       0x28 ./Drivers/STM32H7xx_HAL_Driver/Src/stm32h7xx_hal_adc.o
 .text.LL_ADC_EnableInternalRegulator
                0x0000000008001a58       0x28 ./Drivers/STM32H7xx_HAL_Driver/Src/stm32h7xx_hal_adc.o
 .text.LL_ADC_IsInternalRegulatorEnabled
                0x0000000008001a80       0x28 ./Drivers/STM32H7xx_HAL_Driver/Src/stm32h7xx_hal_adc.o
 .text.LL_ADC_IsEnabled
                0x0000000008001aa8       0x26 ./Drivers/STM32H7xx_HAL_Driver/Src/stm32h7xx_hal_adc.o
 .text.LL_ADC_REG_IsConversionOngoing
                0x0000000008001ace       0x26 ./Drivers/STM32H7xx_HAL_Driver/Src/stm32h7xx_hal_adc.o
 .text.LL_ADC_INJ_IsConversionOngoing
                0x0000000008001af4       0x26 ./Drivers/STM32H7xx_HAL_Driver/Src/stm32h7xx_hal_adc.o
 *fill*         0x0000000008001b1a        0x2 
 .text.HAL_ADC_Init
                0x0000000008001b1c      0x410 ./Drivers/STM32H7xx_HAL_Driver/Src/stm32h7xx_hal_adc.o
                0x0000000008001b1c                HAL_ADC_Init
 .text.HAL_ADC_ConfigChannel
                0x0000000008001f2c      0xa58 ./Drivers/STM32H7xx_HAL_Driver/Src/stm32h7xx_hal_adc.o
                0x0000000008001f2c                HAL_ADC_ConfigChannel
 .text.ADC_ConfigureBoostMode
                0x0000000008002984      0x1d8 ./Drivers/STM32H7xx_HAL_Driver/Src/stm32h7xx_hal_adc.o
                0x0000000008002984                ADC_ConfigureBoostMode
 .text.LL_ADC_IsEnabled
                0x0000000008002b5c       0x26 ./Drivers/STM32H7xx_HAL_Driver/Src/stm32h7xx_hal_adc_ex.o
 .text.LL_ADC_REG_IsConversionOngoing
                0x0000000008002b82       0x26 ./Drivers/STM32H7xx_HAL_Driver/Src/stm32h7xx_hal_adc_ex.o
 .text.HAL_ADCEx_MultiModeConfigChannel
                0x0000000008002ba8      0x1c4 ./Drivers/STM32H7xx_HAL_Driver/Src/stm32h7xx_hal_adc_ex.o
                0x0000000008002ba8                HAL_ADCEx_MultiModeConfigChannel
 .text.__NVIC_SetPriorityGrouping
                0x0000000008002d6c       0x48 ./Drivers/STM32H7xx_HAL_Driver/Src/stm32h7xx_hal_cortex.o
 .text.__NVIC_GetPriorityGrouping
                0x0000000008002db4       0x1c ./Drivers/STM32H7xx_HAL_Driver/Src/stm32h7xx_hal_cortex.o
 .text.__NVIC_SetPriority
                0x0000000008002dd0       0x54 ./Drivers/STM32H7xx_HAL_Driver/Src/stm32h7xx_hal_cortex.o
 .text.NVIC_EncodePriority
                0x0000000008002e24       0x66 ./Drivers/STM32H7xx_HAL_Driver/Src/stm32h7xx_hal_cortex.o
 *fill*         0x0000000008002e8a        0x2 
 .text.SysTick_Config
                0x0000000008002e8c       0x44 ./Drivers/STM32H7xx_HAL_Driver/Src/stm32h7xx_hal_cortex.o
 .text.HAL_NVIC_SetPriorityGrouping
                0x0000000008002ed0       0x16 ./Drivers/STM32H7xx_HAL_Driver/Src/stm32h7xx_hal_cortex.o
                0x0000000008002ed0                HAL_NVIC_SetPriorityGrouping
 .text.HAL_NVIC_SetPriority
                0x0000000008002ee6       0x34 ./Drivers/STM32H7xx_HAL_Driver/Src/stm32h7xx_hal_cortex.o
                0x0000000008002ee6                HAL_NVIC_SetPriority
 .text.HAL_SYSTICK_Config
                0x0000000008002f1a       0x18 ./Drivers/STM32H7xx_HAL_Driver/Src/stm32h7xx_hal_cortex.o
                0x0000000008002f1a                HAL_SYSTICK_Config
 *fill*         0x0000000008002f32        0x2 
 .text.HAL_ETH_Init
                0x0000000008002f34      0x1b4 ./Drivers/STM32H7xx_HAL_Driver/Src/stm32h7xx_hal_eth.o
                0x0000000008002f34                HAL_ETH_Init
 .text.ETH_SetMACConfig
                0x00000000080030e8      0x238 ./Drivers/STM32H7xx_HAL_Driver/Src/stm32h7xx_hal_eth.o
 .text.ETH_SetDMAConfig
                0x0000000008003320      0x10c ./Drivers/STM32H7xx_HAL_Driver/Src/stm32h7xx_hal_eth.o
 .text.ETH_MACDMAConfig
                0x000000000800342c      0x13a ./Drivers/STM32H7xx_HAL_Driver/Src/stm32h7xx_hal_eth.o
 *fill*         0x0000000008003566        0x2 
 .text.ETH_MAC_MDIO_ClkConfig
                0x0000000008003568       0xb0 ./Drivers/STM32H7xx_HAL_Driver/Src/stm32h7xx_hal_eth.o
 .text.ETH_DMATxDescListInit
                0x0000000008003618       0x8e ./Drivers/STM32H7xx_HAL_Driver/Src/stm32h7xx_hal_eth.o
 .text.ETH_DMARxDescListInit
                0x00000000080036a6       0xba ./Drivers/STM32H7xx_HAL_Driver/Src/stm32h7xx_hal_eth.o
 .text.HAL_GPIO_Init
                0x0000000008003760      0x350 ./Drivers/STM32H7xx_HAL_Driver/Src/stm32h7xx_hal_gpio.o
                0x0000000008003760                HAL_GPIO_Init
 .text.HAL_GPIO_WritePin
                0x0000000008003ab0       0x32 ./Drivers/STM32H7xx_HAL_Driver/Src/stm32h7xx_hal_gpio.o
                0x0000000008003ab0                HAL_GPIO_WritePin
 *fill*         0x0000000008003ae2        0x2 
 .text.HAL_PWREx_ConfigSupply
                0x0000000008003ae4       0x74 ./Drivers/STM32H7xx_HAL_Driver/Src/stm32h7xx_hal_pwr_ex.o
                0x0000000008003ae4                HAL_PWREx_ConfigSupply
 .text.HAL_RCC_OscConfig
                0x0000000008003b58      0x71c ./Drivers/STM32H7xx_HAL_Driver/Src/stm32h7xx_hal_rcc.o
                0x0000000008003b58                HAL_RCC_OscConfig
 .text.HAL_RCC_ClockConfig
                0x0000000008004274      0x36c ./Drivers/STM32H7xx_HAL_Driver/Src/stm32h7xx_hal_rcc.o
                0x0000000008004274                HAL_RCC_ClockConfig
 .text.HAL_RCC_GetSysClockFreq
                0x00000000080045e0      0x2f4 ./Drivers/STM32H7xx_HAL_Driver/Src/stm32h7xx_hal_rcc.o
                0x00000000080045e0                HAL_RCC_GetSysClockFreq
 .text.HAL_RCC_GetHCLKFreq
                0x00000000080048d4       0x60 ./Drivers/STM32H7xx_HAL_Driver/Src/stm32h7xx_hal_rcc.o
                0x00000000080048d4                HAL_RCC_GetHCLKFreq
 .text.HAL_RCC_GetPCLK1Freq
                0x0000000008004934       0x2c ./Drivers/STM32H7xx_HAL_Driver/Src/stm32h7xx_hal_rcc.o
                0x0000000008004934                HAL_RCC_GetPCLK1Freq
 .text.HAL_RCC_GetPCLK2Freq
                0x0000000008004960       0x2c ./Drivers/STM32H7xx_HAL_Driver/Src/stm32h7xx_hal_rcc.o
                0x0000000008004960                HAL_RCC_GetPCLK2Freq
 .text.HAL_RCCEx_PeriphCLKConfig
                0x000000000800498c      0xdf4 ./Drivers/STM32H7xx_HAL_Driver/Src/stm32h7xx_hal_rcc_ex.o
                0x000000000800498c                HAL_RCCEx_PeriphCLKConfig
 .text.HAL_RCCEx_GetPeriphCLKFreq
                0x0000000008005780      0x848 ./Drivers/STM32H7xx_HAL_Driver/Src/stm32h7xx_hal_rcc_ex.o
                0x0000000008005780                HAL_RCCEx_GetPeriphCLKFreq
 .text.HAL_RCCEx_GetD3PCLK1Freq
                0x0000000008005fc8       0x2c ./Drivers/STM32H7xx_HAL_Driver/Src/stm32h7xx_hal_rcc_ex.o
                0x0000000008005fc8                HAL_RCCEx_GetD3PCLK1Freq
 .text.HAL_RCCEx_GetPLL2ClockFreq
                0x0000000008005ff4      0x2a8 ./Drivers/STM32H7xx_HAL_Driver/Src/stm32h7xx_hal_rcc_ex.o
                0x0000000008005ff4                HAL_RCCEx_GetPLL2ClockFreq
 .text.HAL_RCCEx_GetPLL3ClockFreq
                0x000000000800629c      0x2a8 ./Drivers/STM32H7xx_HAL_Driver/Src/stm32h7xx_hal_rcc_ex.o
                0x000000000800629c                HAL_RCCEx_GetPLL3ClockFreq
 .text.HAL_RCCEx_GetPLL1ClockFreq
                0x0000000008006544      0x2a4 ./Drivers/STM32H7xx_HAL_Driver/Src/stm32h7xx_hal_rcc_ex.o
                0x0000000008006544                HAL_RCCEx_GetPLL1ClockFreq
 .text.RCCEx_PLL2_Config
                0x00000000080067e8      0x164 ./Drivers/STM32H7xx_HAL_Driver/Src/stm32h7xx_hal_rcc_ex.o
 .text.RCCEx_PLL3_Config
                0x000000000800694c      0x164 ./Drivers/STM32H7xx_HAL_Driver/Src/stm32h7xx_hal_rcc_ex.o
 .text.HAL_SPI_Init
                0x0000000008006ab0      0x204 ./Drivers/STM32H7xx_HAL_Driver/Src/stm32h7xx_hal_spi.o
                0x0000000008006ab0                HAL_SPI_Init
 .text.HAL_SPI_TransmitReceive
                0x0000000008006cb4      0x5d8 ./Drivers/STM32H7xx_HAL_Driver/Src/stm32h7xx_hal_spi.o
                0x0000000008006cb4                HAL_SPI_TransmitReceive
 .text.SPI_CloseTransfer
                0x000000000800728c      0x140 ./Drivers/STM32H7xx_HAL_Driver/Src/stm32h7xx_hal_spi.o
 .text.SPI_WaitOnFlagUntilTimeout
                0x00000000080073cc       0x5c ./Drivers/STM32H7xx_HAL_Driver/Src/stm32h7xx_hal_spi.o
 .text.SPI_GetPacketSize
                0x0000000008007428       0x36 ./Drivers/STM32H7xx_HAL_Driver/Src/stm32h7xx_hal_spi.o
 *fill*         0x000000000800745e        0x2 
 .text.HAL_TIM_Encoder_Init
                0x0000000008007460      0x14c ./Drivers/STM32H7xx_HAL_Driver/Src/stm32h7xx_hal_tim.o
                0x0000000008007460                HAL_TIM_Encoder_Init
 .text.TIM_Base_SetConfig
                0x00000000080075ac      0x14c ./Drivers/STM32H7xx_HAL_Driver/Src/stm32h7xx_hal_tim.o
                0x00000000080075ac                TIM_Base_SetConfig
 .text.HAL_TIMEx_MasterConfigSynchronization
                0x00000000080076f8      0x138 ./Drivers/STM32H7xx_HAL_Driver/Src/stm32h7xx_hal_tim_ex.o
                0x00000000080076f8                HAL_TIMEx_MasterConfigSynchronization
 .text.HAL_UART_Init
                0x0000000008007830       0xa0 ./Drivers/STM32H7xx_HAL_Driver/Src/stm32h7xx_hal_uart.o
                0x0000000008007830                HAL_UART_Init
 .text.UART_SetConfig
                0x00000000080078d0      0xcbc ./Drivers/STM32H7xx_HAL_Driver/Src/stm32h7xx_hal_uart.o
                0x00000000080078d0                UART_SetConfig
 .text.UART_AdvFeatureConfig
                0x000000000800858c      0x144 ./Drivers/STM32H7xx_HAL_Driver/Src/stm32h7xx_hal_uart.o
                0x000000000800858c                UART_AdvFeatureConfig
 .text.UART_CheckIdleState
                0x00000000080086d0       0x96 ./Drivers/STM32H7xx_HAL_Driver/Src/stm32h7xx_hal_uart.o
                0x00000000080086d0                UART_CheckIdleState
 .text.UART_WaitOnFlagUntilTimeout
                0x0000000008008766      0x100 ./Drivers/STM32H7xx_HAL_Driver/Src/stm32h7xx_hal_uart.o
                0x0000000008008766                UART_WaitOnFlagUntilTimeout
 .text.HAL_UARTEx_DisableFifoMode
                0x0000000008008866       0x72 ./Drivers/STM32H7xx_HAL_Driver/Src/stm32h7xx_hal_uart_ex.o
                0x0000000008008866                HAL_UARTEx_DisableFifoMode
 .text.HAL_UARTEx_SetTxFifoThreshold
                0x00000000080088d8       0x7c ./Drivers/STM32H7xx_HAL_Driver/Src/stm32h7xx_hal_uart_ex.o
                0x00000000080088d8                HAL_UARTEx_SetTxFifoThreshold
 .text.HAL_UARTEx_SetRxFifoThreshold
                0x0000000008008954       0x7c ./Drivers/STM32H7xx_HAL_Driver/Src/stm32h7xx_hal_uart_ex.o
                0x0000000008008954                HAL_UARTEx_SetRxFifoThreshold
 .text.UARTEx_SetNbDataToProcess
                0x00000000080089d0       0x9c ./Drivers/STM32H7xx_HAL_Driver/Src/stm32h7xx_hal_uart_ex.o
 .text.__libc_init_array
                0x0000000008008a6c       0x48 c:/st/stm32cubeide_1.7.0/stm32cubeide/plugins/com.st.stm32cube.ide.mcu.externaltools.gnu-tools-for-stm32.9-2020-q2-update.win32_2.0.0.202105311346/tools/bin/../lib/gcc/arm-none-eabi/9.3.1/../../../../arm-none-eabi/lib/thumb/v7e-m+dp/hard\libc_nano.a(lib_a-init.o)
                0x0000000008008a6c                __libc_init_array
 .text.memset   0x0000000008008ab4       0x10 c:/st/stm32cubeide_1.7.0/stm32cubeide/plugins/com.st.stm32cube.ide.mcu.externaltools.gnu-tools-for-stm32.9-2020-q2-update.win32_2.0.0.202105311346/tools/bin/../lib/gcc/arm-none-eabi/9.3.1/../../../../arm-none-eabi/lib/thumb/v7e-m+dp/hard\libc_nano.a(lib_a-memset.o)
                0x0000000008008ab4                memset
 *(.glue_7)
 .glue_7        0x0000000008008ac4        0x0 linker stubs
 *(.glue_7t)
 .glue_7t       0x0000000008008ac4        0x0 linker stubs
 *(.eh_frame)
 .eh_frame      0x0000000008008ac4        0x0 c:/st/stm32cubeide_1.7.0/stm32cubeide/plugins/com.st.stm32cube.ide.mcu.externaltools.gnu-tools-for-stm32.9-2020-q2-update.win32_2.0.0.202105311346/tools/bin/../lib/gcc/arm-none-eabi/9.3.1/thumb/v7e-m+dp/hard/crtbegin.o
 *(.init)
 .init          0x0000000008008ac4        0x4 c:/st/stm32cubeide_1.7.0/stm32cubeide/plugins/com.st.stm32cube.ide.mcu.externaltools.gnu-tools-for-stm32.9-2020-q2-update.win32_2.0.0.202105311346/tools/bin/../lib/gcc/arm-none-eabi/9.3.1/thumb/v7e-m+dp/hard/crti.o
                0x0000000008008ac4                _init
 .init          0x0000000008008ac8        0x8 c:/st/stm32cubeide_1.7.0/stm32cubeide/plugins/com.st.stm32cube.ide.mcu.externaltools.gnu-tools-for-stm32.9-2020-q2-update.win32_2.0.0.202105311346/tools/bin/../lib/gcc/arm-none-eabi/9.3.1/thumb/v7e-m+dp/hard/crtn.o
 *(.fini)
 .fini          0x0000000008008ad0        0x4 c:/st/stm32cubeide_1.7.0/stm32cubeide/plugins/com.st.stm32cube.ide.mcu.externaltools.gnu-tools-for-stm32.9-2020-q2-update.win32_2.0.0.202105311346/tools/bin/../lib/gcc/arm-none-eabi/9.3.1/thumb/v7e-m+dp/hard/crti.o
                0x0000000008008ad0                _fini
 .fini          0x0000000008008ad4        0x8 c:/st/stm32cubeide_1.7.0/stm32cubeide/plugins/com.st.stm32cube.ide.mcu.externaltools.gnu-tools-for-stm32.9-2020-q2-update.win32_2.0.0.202105311346/tools/bin/../lib/gcc/arm-none-eabi/9.3.1/thumb/v7e-m+dp/hard/crtn.o
                0x0000000008008adc                . = ALIGN (0x4)
                0x0000000008008adc                _etext = .

.vfp11_veneer   0x0000000008008adc        0x0
 .vfp11_veneer  0x0000000008008adc        0x0 linker stubs

.v4_bx          0x0000000008008adc        0x0
 .v4_bx         0x0000000008008adc        0x0 linker stubs

.iplt           0x0000000008008adc        0x0
 .iplt          0x0000000008008adc        0x0 c:/st/stm32cubeide_1.7.0/stm32cubeide/plugins/com.st.stm32cube.ide.mcu.externaltools.gnu-tools-for-stm32.9-2020-q2-update.win32_2.0.0.202105311346/tools/bin/../lib/gcc/arm-none-eabi/9.3.1/thumb/v7e-m+dp/hard/crtbegin.o

.rodata         0x0000000008008adc       0x38
                0x0000000008008adc                . = ALIGN (0x4)
 *(.rodata)
 *(.rodata*)
 .rodata.D1CorePrescTable
                0x0000000008008adc       0x10 ./Core/Src/system_stm32h7xx.o
                0x0000000008008adc                D1CorePrescTable
 .rodata.UARTPrescTable
                0x0000000008008aec       0x18 ./Drivers/STM32H7xx_HAL_Driver/Src/stm32h7xx_hal_uart.o
                0x0000000008008aec                UARTPrescTable
 .rodata.numerator.12436
                0x0000000008008b04        0x8 ./Drivers/STM32H7xx_HAL_Driver/Src/stm32h7xx_hal_uart_ex.o
 .rodata.denominator.12437
                0x0000000008008b0c        0x8 ./Drivers/STM32H7xx_HAL_Driver/Src/stm32h7xx_hal_uart_ex.o
                0x0000000008008b14                . = ALIGN (0x4)

.ARM.extab
 *(.ARM.extab* .gnu.linkonce.armextab.*)

.ARM            0x0000000008008b14        0x8
                0x0000000008008b14                __exidx_start = .
 *(.ARM.exidx*)
 .ARM.exidx     0x0000000008008b14        0x8 c:/st/stm32cubeide_1.7.0/stm32cubeide/plugins/com.st.stm32cube.ide.mcu.externaltools.gnu-tools-for-stm32.9-2020-q2-update.win32_2.0.0.202105311346/tools/bin/../lib/gcc/arm-none-eabi/9.3.1/thumb/v7e-m+dp/hard\libgcc.a(_udivmoddi4.o)
                0x0000000008008b1c                __exidx_end = .

.rel.dyn        0x0000000008008b1c        0x0
 .rel.iplt      0x0000000008008b1c        0x0 c:/st/stm32cubeide_1.7.0/stm32cubeide/plugins/com.st.stm32cube.ide.mcu.externaltools.gnu-tools-for-stm32.9-2020-q2-update.win32_2.0.0.202105311346/tools/bin/../lib/gcc/arm-none-eabi/9.3.1/thumb/v7e-m+dp/hard/crtbegin.o

.preinit_array  0x0000000008008b1c        0x0
                0x0000000008008b1c                PROVIDE (__preinit_array_start = .)
 *(.preinit_array*)
                0x0000000008008b1c                PROVIDE (__preinit_array_end = .)

.init_array     0x0000000008008b1c        0x4
                0x0000000008008b1c                PROVIDE (__init_array_start = .)
 *(SORT_BY_NAME(.init_array.*))
 *(.init_array*)
 .init_array    0x0000000008008b1c        0x4 c:/st/stm32cubeide_1.7.0/stm32cubeide/plugins/com.st.stm32cube.ide.mcu.externaltools.gnu-tools-for-stm32.9-2020-q2-update.win32_2.0.0.202105311346/tools/bin/../lib/gcc/arm-none-eabi/9.3.1/thumb/v7e-m+dp/hard/crtbegin.o
                0x0000000008008b20                PROVIDE (__init_array_end = .)

.fini_array     0x0000000008008b20        0x4
                [!provide]                        PROVIDE (__fini_array_start = .)
 *(SORT_BY_NAME(.fini_array.*))
 *(.fini_array*)
 .fini_array    0x0000000008008b20        0x4 c:/st/stm32cubeide_1.7.0/stm32cubeide/plugins/com.st.stm32cube.ide.mcu.externaltools.gnu-tools-for-stm32.9-2020-q2-update.win32_2.0.0.202105311346/tools/bin/../lib/gcc/arm-none-eabi/9.3.1/thumb/v7e-m+dp/hard/crtbegin.o
                [!provide]                        PROVIDE (__fini_array_end = .)
                0x0000000008008b24                _sidata = LOADADDR (.data)

.data           0x0000000024000000       0x10 load address 0x0000000008008b24
                0x0000000024000000                . = ALIGN (0x4)
                0x0000000024000000                _sdata = .
 *(.data)
 *(.data*)
 .data.SystemCoreClock
                0x0000000024000000        0x4 ./Core/Src/system_stm32h7xx.o
                0x0000000024000000                SystemCoreClock
 .data.SystemD2Clock
                0x0000000024000004        0x4 ./Core/Src/system_stm32h7xx.o
                0x0000000024000004                SystemD2Clock
 .data.uwTickPrio
                0x0000000024000008        0x4 ./Drivers/STM32H7xx_HAL_Driver/Src/stm32h7xx_hal.o
                0x0000000024000008                uwTickPrio
 .data.uwTickFreq
                0x000000002400000c        0x1 ./Drivers/STM32H7xx_HAL_Driver/Src/stm32h7xx_hal.o
                0x000000002400000c                uwTickFreq
 *(.RamFunc)
 *(.RamFunc*)
                0x0000000024000010                . = ALIGN (0x4)
 *fill*         0x000000002400000d        0x3 
                0x0000000024000010                _edata = .

.igot.plt       0x0000000024000010        0x0 load address 0x0000000008008b34
 .igot.plt      0x0000000024000010        0x0 c:/st/stm32cubeide_1.7.0/stm32cubeide/plugins/com.st.stm32cube.ide.mcu.externaltools.gnu-tools-for-stm32.9-2020-q2-update.win32_2.0.0.202105311346/tools/bin/../lib/gcc/arm-none-eabi/9.3.1/thumb/v7e-m+dp/hard/crtbegin.o

.RxDecripSection
                0x0000000024000010       0x60 load address 0x0000000008008b34
 .RxDecripSection
                0x0000000024000010       0x60 ./Core/Src/main.o
                0x0000000024000010                DMARxDscrTab

.TxDecripSection
                0x0000000024000070       0x60 load address 0x0000000008008b94
 .TxDecripSection
                0x0000000024000070       0x60 ./Core/Src/main.o
                0x0000000024000070                DMATxDscrTab
                0x00000000240000d0                . = ALIGN (0x4)

.bss            0x00000000240000d0      0x2b8 load address 0x0000000008008bf4
                0x00000000240000d0                _sbss = .
                0x00000000240000d0                __bss_start__ = _sbss
 *(.bss)
 .bss           0x00000000240000d0       0x1c c:/st/stm32cubeide_1.7.0/stm32cubeide/plugins/com.st.stm32cube.ide.mcu.externaltools.gnu-tools-for-stm32.9-2020-q2-update.win32_2.0.0.202105311346/tools/bin/../lib/gcc/arm-none-eabi/9.3.1/thumb/v7e-m+dp/hard/crtbegin.o
 *(.bss*)
 .bss.MACAddr.12640
                0x00000000240000ec        0x6 ./Core/Src/main.o
 *(COMMON)
 *fill*         0x00000000240000f2        0x2 
 COMMON         0x00000000240000f4      0x290 ./Core/Src/main.o
                0x00000000240000f4                huart3
                0x0000000024000184                hadc1
                0x00000000240001f4                htim1
                0x0000000024000240                hspi1
                0x00000000240002c8                heth
                0x0000000024000350                TxConfig
 COMMON         0x0000000024000384        0x4 ./Drivers/STM32H7xx_HAL_Driver/Src/stm32h7xx_hal.o
                0x0000000024000384                uwTick
                0x0000000024000388                . = ALIGN (0x4)
                0x0000000024000388                _ebss = .
                0x0000000024000388                __bss_end__ = _ebss

._user_heap_stack
                0x0000000024000388      0x600 load address 0x0000000008008bf4
                0x0000000024000388                . = ALIGN (0x8)
                [!provide]                        PROVIDE (end = .)
                0x0000000024000388                PROVIDE (_end = .)
                0x0000000024000588                . = (. + _Min_Heap_Size)
 *fill*         0x0000000024000388      0x200 
                0x0000000024000988                . = (. + _Min_Stack_Size)
 *fill*         0x0000000024000588      0x400 
                0x0000000024000988                . = ALIGN (0x8)

/DISCARD/
 libc.a(*)
 libm.a(*)
 libgcc.a(*)

.ARM.attributes
                0x0000000000000000       0x2e
 *(.ARM.attributes)
 .ARM.attributes
                0x0000000000000000       0x1e c:/st/stm32cubeide_1.7.0/stm32cubeide/plugins/com.st.stm32cube.ide.mcu.externaltools.gnu-tools-for-stm32.9-2020-q2-update.win32_2.0.0.202105311346/tools/bin/../lib/gcc/arm-none-eabi/9.3.1/thumb/v7e-m+dp/hard/crti.o
 .ARM.attributes
                0x000000000000001e       0x32 c:/st/stm32cubeide_1.7.0/stm32cubeide/plugins/com.st.stm32cube.ide.mcu.externaltools.gnu-tools-for-stm32.9-2020-q2-update.win32_2.0.0.202105311346/tools/bin/../lib/gcc/arm-none-eabi/9.3.1/thumb/v7e-m+dp/hard/crtbegin.o
 .ARM.attributes
                0x0000000000000050       0x32 ./Core/Src/as5247u.o
 .ARM.attributes
                0x0000000000000082       0x32 ./Core/Src/main.o
 .ARM.attributes
                0x00000000000000b4       0x32 ./Core/Src/stm32h7xx_hal_msp.o
 .ARM.attributes
                0x00000000000000e6       0x32 ./Core/Src/stm32h7xx_it.o
 .ARM.attributes
                0x0000000000000118       0x32 ./Core/Src/system_stm32h7xx.o
 .ARM.attributes
                0x000000000000014a       0x21 ./Core/Startup/startup_stm32h723zgtx.o
 .ARM.attributes
                0x000000000000016b       0x32 ./Drivers/STM32H7xx_HAL_Driver/Src/stm32h7xx_hal.o
 .ARM.attributes
                0x000000000000019d       0x32 ./Drivers/STM32H7xx_HAL_Driver/Src/stm32h7xx_hal_adc.o
 .ARM.attributes
                0x00000000000001cf       0x32 ./Drivers/STM32H7xx_HAL_Driver/Src/stm32h7xx_hal_adc_ex.o
 .ARM.attributes
                0x0000000000000201       0x32 ./Drivers/STM32H7xx_HAL_Driver/Src/stm32h7xx_hal_cortex.o
 .ARM.attributes
                0x0000000000000233       0x32 ./Drivers/STM32H7xx_HAL_Driver/Src/stm32h7xx_hal_eth.o
 .ARM.attributes
                0x0000000000000265       0x32 ./Drivers/STM32H7xx_HAL_Driver/Src/stm32h7xx_hal_gpio.o
 .ARM.attributes
                0x0000000000000297       0x32 ./Drivers/STM32H7xx_HAL_Driver/Src/stm32h7xx_hal_pwr_ex.o
 .ARM.attributes
                0x00000000000002c9       0x32 ./Drivers/STM32H7xx_HAL_Driver/Src/stm32h7xx_hal_rcc.o
 .ARM.attributes
                0x00000000000002fb       0x32 ./Drivers/STM32H7xx_HAL_Driver/Src/stm32h7xx_hal_rcc_ex.o
 .ARM.attributes
                0x000000000000032d       0x32 ./Drivers/STM32H7xx_HAL_Driver/Src/stm32h7xx_hal_spi.o
 .ARM.attributes
                0x000000000000035f       0x32 ./Drivers/STM32H7xx_HAL_Driver/Src/stm32h7xx_hal_tim.o
 .ARM.attributes
                0x0000000000000391       0x32 ./Drivers/STM32H7xx_HAL_Driver/Src/stm32h7xx_hal_tim_ex.o
 .ARM.attributes
                0x00000000000003c3       0x32 ./Drivers/STM32H7xx_HAL_Driver/Src/stm32h7xx_hal_uart.o
 .ARM.attributes
                0x00000000000003f5       0x32 ./Drivers/STM32H7xx_HAL_Driver/Src/stm32h7xx_hal_uart_ex.o
 .ARM.attributes
                0x0000000000000427       0x32 c:/st/stm32cubeide_1.7.0/stm32cubeide/plugins/com.st.stm32cube.ide.mcu.externaltools.gnu-tools-for-stm32.9-2020-q2-update.win32_2.0.0.202105311346/tools/bin/../lib/gcc/arm-none-eabi/9.3.1/../../../../arm-none-eabi/lib/thumb/v7e-m+dp/hard\libc_nano.a(lib_a-init.o)
 .ARM.attributes
                0x0000000000000459       0x32 c:/st/stm32cubeide_1.7.0/stm32cubeide/plugins/com.st.stm32cube.ide.mcu.externaltools.gnu-tools-for-stm32.9-2020-q2-update.win32_2.0.0.202105311346/tools/bin/../lib/gcc/arm-none-eabi/9.3.1/../../../../arm-none-eabi/lib/thumb/v7e-m+dp/hard\libc_nano.a(lib_a-memset.o)
 .ARM.attributes
                0x000000000000048b       0x1e c:/st/stm32cubeide_1.7.0/stm32cubeide/plugins/com.st.stm32cube.ide.mcu.externaltools.gnu-tools-for-stm32.9-2020-q2-update.win32_2.0.0.202105311346/tools/bin/../lib/gcc/arm-none-eabi/9.3.1/thumb/v7e-m+dp/hard\libgcc.a(_aeabi_uldivmod.o)
 .ARM.attributes
                0x00000000000004a9       0x32 c:/st/stm32cubeide_1.7.0/stm32cubeide/plugins/com.st.stm32cube.ide.mcu.externaltools.gnu-tools-for-stm32.9-2020-q2-update.win32_2.0.0.202105311346/tools/bin/../lib/gcc/arm-none-eabi/9.3.1/thumb/v7e-m+dp/hard\libgcc.a(_udivmoddi4.o)
 .ARM.attributes
                0x00000000000004db       0x1e c:/st/stm32cubeide_1.7.0/stm32cubeide/plugins/com.st.stm32cube.ide.mcu.externaltools.gnu-tools-for-stm32.9-2020-q2-update.win32_2.0.0.202105311346/tools/bin/../lib/gcc/arm-none-eabi/9.3.1/thumb/v7e-m+dp/hard\libgcc.a(_dvmd_tls.o)
 .ARM.attributes
                0x00000000000004f9       0x1e c:/st/stm32cubeide_1.7.0/stm32cubeide/plugins/com.st.stm32cube.ide.mcu.externaltools.gnu-tools-for-stm32.9-2020-q2-update.win32_2.0.0.202105311346/tools/bin/../lib/gcc/arm-none-eabi/9.3.1/thumb/v7e-m+dp/hard/crtn.o
OUTPUT(STM32_H7.elf elf32-littlearm)
LOAD linker stubs
LOAD c:/st/stm32cubeide_1.7.0/stm32cubeide/plugins/com.st.stm32cube.ide.mcu.externaltools.gnu-tools-for-stm32.9-2020-q2-update.win32_2.0.0.202105311346/tools/bin/../lib/gcc/arm-none-eabi/9.3.1/../../../../arm-none-eabi/lib/thumb/v7e-m+dp/hard\libc.a
LOAD c:/st/stm32cubeide_1.7.0/stm32cubeide/plugins/com.st.stm32cube.ide.mcu.externaltools.gnu-tools-for-stm32.9-2020-q2-update.win32_2.0.0.202105311346/tools/bin/../lib/gcc/arm-none-eabi/9.3.1/../../../../arm-none-eabi/lib/thumb/v7e-m+dp/hard\libm.a
LOAD c:/st/stm32cubeide_1.7.0/stm32cubeide/plugins/com.st.stm32cube.ide.mcu.externaltools.gnu-tools-for-stm32.9-2020-q2-update.win32_2.0.0.202105311346/tools/bin/../lib/gcc/arm-none-eabi/9.3.1/thumb/v7e-m+dp/hard\libgcc.a

.debug_info     0x0000000000000000    0x294ee
 .debug_info    0x0000000000000000     0x1546 ./Core/Src/as5247u.o
 .debug_info    0x0000000000001546     0x3a05 ./Core/Src/main.o
 .debug_info    0x0000000000004f4b     0x36ff ./Core/Src/stm32h7xx_hal_msp.o
 .debug_info    0x000000000000864a      0xc21 ./Core/Src/stm32h7xx_it.o
 .debug_info    0x000000000000926b     0x15c5 ./Core/Src/system_stm32h7xx.o
 .debug_info    0x000000000000a830       0x22 ./Core/Startup/startup_stm32h723zgtx.o
 .debug_info    0x000000000000a852     0x210c ./Drivers/STM32H7xx_HAL_Driver/Src/stm32h7xx_hal.o
 .debug_info    0x000000000000c95e     0x2f16 ./Drivers/STM32H7xx_HAL_Driver/Src/stm32h7xx_hal_adc.o
 .debug_info    0x000000000000f874     0x2ef9 ./Drivers/STM32H7xx_HAL_Driver/Src/stm32h7xx_hal_adc_ex.o
 .debug_info    0x000000000001276d     0x1c07 ./Drivers/STM32H7xx_HAL_Driver/Src/stm32h7xx_hal_cortex.o
 .debug_info    0x0000000000014374     0x3294 ./Drivers/STM32H7xx_HAL_Driver/Src/stm32h7xx_hal_eth.o
 .debug_info    0x0000000000017608     0x17f5 ./Drivers/STM32H7xx_HAL_Driver/Src/stm32h7xx_hal_gpio.o
 .debug_info    0x0000000000018dfd     0x1919 ./Drivers/STM32H7xx_HAL_Driver/Src/stm32h7xx_hal_pwr_ex.o
 .debug_info    0x000000000001a716     0x185e ./Drivers/STM32H7xx_HAL_Driver/Src/stm32h7xx_hal_rcc.o
 .debug_info    0x000000000001bf74     0x1ce6 ./Drivers/STM32H7xx_HAL_Driver/Src/stm32h7xx_hal_rcc_ex.o
 .debug_info    0x000000000001dc5a     0x1fc7 ./Drivers/STM32H7xx_HAL_Driver/Src/stm32h7xx_hal_spi.o
 .debug_info    0x000000000001fc21     0x3639 ./Drivers/STM32H7xx_HAL_Driver/Src/stm32h7xx_hal_tim.o
 .debug_info    0x000000000002325a     0x21cf ./Drivers/STM32H7xx_HAL_Driver/Src/stm32h7xx_hal_tim_ex.o
 .debug_info    0x0000000000025429     0x2937 ./Drivers/STM32H7xx_HAL_Driver/Src/stm32h7xx_hal_uart.o
 .debug_info    0x0000000000027d60     0x178e ./Drivers/STM32H7xx_HAL_Driver/Src/stm32h7xx_hal_uart_ex.o

.debug_abbrev   0x0000000000000000     0x38c2
 .debug_abbrev  0x0000000000000000      0x22f ./Core/Src/as5247u.o
 .debug_abbrev  0x000000000000022f      0x379 ./Core/Src/main.o
 .debug_abbrev  0x00000000000005a8      0x2a7 ./Core/Src/stm32h7xx_hal_msp.o
 .debug_abbrev  0x000000000000084f      0x1ef ./Core/Src/stm32h7xx_it.o
 .debug_abbrev  0x0000000000000a3e      0x251 ./Core/Src/system_stm32h7xx.o
 .debug_abbrev  0x0000000000000c8f       0x12 ./Core/Startup/startup_stm32h723zgtx.o
 .debug_abbrev  0x0000000000000ca1      0x324 ./Drivers/STM32H7xx_HAL_Driver/Src/stm32h7xx_hal.o
 .debug_abbrev  0x0000000000000fc5      0x34f ./Drivers/STM32H7xx_HAL_Driver/Src/stm32h7xx_hal_adc.o
 .debug_abbrev  0x0000000000001314      0x38a ./Drivers/STM32H7xx_HAL_Driver/Src/stm32h7xx_hal_adc_ex.o
 .debug_abbrev  0x000000000000169e      0x409 ./Drivers/STM32H7xx_HAL_Driver/Src/stm32h7xx_hal_cortex.o
 .debug_abbrev  0x0000000000001aa7      0x328 ./Drivers/STM32H7xx_HAL_Driver/Src/stm32h7xx_hal_eth.o
 .debug_abbrev  0x0000000000001dcf      0x2cb ./Drivers/STM32H7xx_HAL_Driver/Src/stm32h7xx_hal_gpio.o
 .debug_abbrev  0x000000000000209a      0x33f ./Drivers/STM32H7xx_HAL_Driver/Src/stm32h7xx_hal_pwr_ex.o
 .debug_abbrev  0x00000000000023d9      0x311 ./Drivers/STM32H7xx_HAL_Driver/Src/stm32h7xx_hal_rcc.o
 .debug_abbrev  0x00000000000026ea      0x31d ./Drivers/STM32H7xx_HAL_Driver/Src/stm32h7xx_hal_rcc_ex.o
 .debug_abbrev  0x0000000000002a07      0x313 ./Drivers/STM32H7xx_HAL_Driver/Src/stm32h7xx_hal_spi.o
 .debug_abbrev  0x0000000000002d1a      0x2f9 ./Drivers/STM32H7xx_HAL_Driver/Src/stm32h7xx_hal_tim.o
 .debug_abbrev  0x0000000000003013      0x301 ./Drivers/STM32H7xx_HAL_Driver/Src/stm32h7xx_hal_tim_ex.o
 .debug_abbrev  0x0000000000003314      0x309 ./Drivers/STM32H7xx_HAL_Driver/Src/stm32h7xx_hal_uart.o
 .debug_abbrev  0x000000000000361d      0x2a5 ./Drivers/STM32H7xx_HAL_Driver/Src/stm32h7xx_hal_uart_ex.o

.debug_aranges  0x0000000000000000     0x17d8
 .debug_aranges
                0x0000000000000000       0x50 ./Core/Src/as5247u.o
 .debug_aranges
                0x0000000000000050       0x70 ./Core/Src/main.o
 .debug_aranges
                0x00000000000000c0       0x70 ./Core/Src/stm32h7xx_hal_msp.o
 .debug_aranges
                0x0000000000000130       0x60 ./Core/Src/stm32h7xx_it.o
 .debug_aranges
                0x0000000000000190       0x28 ./Core/Src/system_stm32h7xx.o
 .debug_aranges
                0x00000000000001b8       0x28 ./Core/Startup/startup_stm32h723zgtx.o
 .debug_aranges
                0x00000000000001e0      0x1c8 ./Drivers/STM32H7xx_HAL_Driver/Src/stm32h7xx_hal.o
 .debug_aranges
                0x00000000000003a8      0x260 ./Drivers/STM32H7xx_HAL_Driver/Src/stm32h7xx_hal_adc.o
 .debug_aranges
                0x0000000000000608      0x1f0 ./Drivers/STM32H7xx_HAL_Driver/Src/stm32h7xx_hal_adc_ex.o
 .debug_aranges
                0x00000000000007f8      0x120 ./Drivers/STM32H7xx_HAL_Driver/Src/stm32h7xx_hal_cortex.o
 .debug_aranges
                0x0000000000000918      0x1b0 ./Drivers/STM32H7xx_HAL_Driver/Src/stm32h7xx_hal_eth.o
 .debug_aranges
                0x0000000000000ac8       0x58 ./Drivers/STM32H7xx_HAL_Driver/Src/stm32h7xx_hal_gpio.o
 .debug_aranges
                0x0000000000000b20      0x148 ./Drivers/STM32H7xx_HAL_Driver/Src/stm32h7xx_hal_pwr_ex.o
 .debug_aranges
                0x0000000000000c68       0x88 ./Drivers/STM32H7xx_HAL_Driver/Src/stm32h7xx_hal_rcc.o
 .debug_aranges
                0x0000000000000cf0       0xf8 ./Drivers/STM32H7xx_HAL_Driver/Src/stm32h7xx_hal_rcc_ex.o
 .debug_aranges
                0x0000000000000de8      0x1a0 ./Drivers/STM32H7xx_HAL_Driver/Src/stm32h7xx_hal_spi.o
 .debug_aranges
                0x0000000000000f88      0x3e0 ./Drivers/STM32H7xx_HAL_Driver/Src/stm32h7xx_hal_tim.o
 .debug_aranges
                0x0000000000001368      0x188 ./Drivers/STM32H7xx_HAL_Driver/Src/stm32h7xx_hal_tim_ex.o
 .debug_aranges
                0x00000000000014f0      0x248 ./Drivers/STM32H7xx_HAL_Driver/Src/stm32h7xx_hal_uart.o
 .debug_aranges
                0x0000000000001738       0xa0 ./Drivers/STM32H7xx_HAL_Driver/Src/stm32h7xx_hal_uart_ex.o

.debug_ranges   0x0000000000000000     0x16d0
 .debug_ranges  0x0000000000000000       0x40 ./Core/Src/as5247u.o
 .debug_ranges  0x0000000000000040       0x60 ./Core/Src/main.o
 .debug_ranges  0x00000000000000a0       0x60 ./Core/Src/stm32h7xx_hal_msp.o
 .debug_ranges  0x0000000000000100       0x50 ./Core/Src/stm32h7xx_it.o
 .debug_ranges  0x0000000000000150       0x18 ./Core/Src/system_stm32h7xx.o
 .debug_ranges  0x0000000000000168       0x20 ./Core/Startup/startup_stm32h723zgtx.o
 .debug_ranges  0x0000000000000188      0x1b8 ./Drivers/STM32H7xx_HAL_Driver/Src/stm32h7xx_hal.o
 .debug_ranges  0x0000000000000340      0x250 ./Drivers/STM32H7xx_HAL_Driver/Src/stm32h7xx_hal_adc.o
 .debug_ranges  0x0000000000000590      0x1e0 ./Drivers/STM32H7xx_HAL_Driver/Src/stm32h7xx_hal_adc_ex.o
 .debug_ranges  0x0000000000000770      0x110 ./Drivers/STM32H7xx_HAL_Driver/Src/stm32h7xx_hal_cortex.o
 .debug_ranges  0x0000000000000880      0x1a0 ./Drivers/STM32H7xx_HAL_Driver/Src/stm32h7xx_hal_eth.o
 .debug_ranges  0x0000000000000a20       0x48 ./Drivers/STM32H7xx_HAL_Driver/Src/stm32h7xx_hal_gpio.o
 .debug_ranges  0x0000000000000a68      0x138 ./Drivers/STM32H7xx_HAL_Driver/Src/stm32h7xx_hal_pwr_ex.o
 .debug_ranges  0x0000000000000ba0       0x78 ./Drivers/STM32H7xx_HAL_Driver/Src/stm32h7xx_hal_rcc.o
 .debug_ranges  0x0000000000000c18       0xe8 ./Drivers/STM32H7xx_HAL_Driver/Src/stm32h7xx_hal_rcc_ex.o
 .debug_ranges  0x0000000000000d00      0x190 ./Drivers/STM32H7xx_HAL_Driver/Src/stm32h7xx_hal_spi.o
 .debug_ranges  0x0000000000000e90      0x3d0 ./Drivers/STM32H7xx_HAL_Driver/Src/stm32h7xx_hal_tim.o
 .debug_ranges  0x0000000000001260      0x178 ./Drivers/STM32H7xx_HAL_Driver/Src/stm32h7xx_hal_tim_ex.o
 .debug_ranges  0x00000000000013d8      0x268 ./Drivers/STM32H7xx_HAL_Driver/Src/stm32h7xx_hal_uart.o
 .debug_ranges  0x0000000000001640       0x90 ./Drivers/STM32H7xx_HAL_Driver/Src/stm32h7xx_hal_uart_ex.o

.debug_macro    0x0000000000000000    0x36638
 .debug_macro   0x0000000000000000      0x308 ./Core/Src/as5247u.o
 .debug_macro   0x0000000000000308      0xac0 ./Core/Src/as5247u.o
 .debug_macro   0x0000000000000dc8      0x24a ./Core/Src/as5247u.o
 .debug_macro   0x0000000000001012       0x2e ./Core/Src/as5247u.o
 .debug_macro   0x0000000000001040       0x3b ./Core/Src/as5247u.o
 .debug_macro   0x000000000000107b       0x22 ./Core/Src/as5247u.o
 .debug_macro   0x000000000000109d       0x8e ./Core/Src/as5247u.o
 .debug_macro   0x000000000000112b       0x51 ./Core/Src/as5247u.o
 .debug_macro   0x000000000000117c      0x103 ./Core/Src/as5247u.o
 .debug_macro   0x000000000000127f       0x6a ./Core/Src/as5247u.o
 .debug_macro   0x00000000000012e9      0x1df ./Core/Src/as5247u.o
 .debug_macro   0x00000000000014c8       0x1c ./Core/Src/as5247u.o
 .debug_macro   0x00000000000014e4       0x22 ./Core/Src/as5247u.o
 .debug_macro   0x0000000000001506      0x101 ./Core/Src/as5247u.o
 .debug_macro   0x0000000000001607     0x1305 ./Core/Src/as5247u.o
 .debug_macro   0x000000000000290c      0x11f ./Core/Src/as5247u.o
 .debug_macro   0x0000000000002a2b       0x27 ./Core/Src/as5247u.o
 .debug_macro   0x0000000000002a52    0x2114b ./Core/Src/as5247u.o
 .debug_macro   0x0000000000023b9d       0x43 ./Core/Src/as5247u.o
 .debug_macro   0x0000000000023be0     0x3cbe ./Core/Src/as5247u.o
 .debug_macro   0x000000000002789e      0x174 ./Core/Src/as5247u.o
 .debug_macro   0x0000000000027a12       0x52 ./Core/Src/as5247u.o
 .debug_macro   0x0000000000027a64       0x17 ./Core/Src/as5247u.o
 .debug_macro   0x0000000000027a7b       0x3c ./Core/Src/as5247u.o
 .debug_macro   0x0000000000027ab7       0x34 ./Core/Src/as5247u.o
 .debug_macro   0x0000000000027aeb       0x16 ./Core/Src/as5247u.o
 .debug_macro   0x0000000000027b01       0x43 ./Core/Src/as5247u.o
 .debug_macro   0x0000000000027b44       0x34 ./Core/Src/as5247u.o
 .debug_macro   0x0000000000027b78       0x10 ./Core/Src/as5247u.o
 .debug_macro   0x0000000000027b88       0x58 ./Core/Src/as5247u.o
 .debug_macro   0x0000000000027be0       0x71 ./Core/Src/as5247u.o
 .debug_macro   0x0000000000027c51       0x1c ./Core/Src/as5247u.o
 .debug_macro   0x0000000000027c6d      0x12a ./Core/Src/as5247u.o
 .debug_macro   0x0000000000027d97      0x333 ./Core/Src/as5247u.o
 .debug_macro   0x00000000000280ca      0x1a9 ./Core/Src/as5247u.o
 .debug_macro   0x0000000000028273       0x5d ./Core/Src/as5247u.o
 .debug_macro   0x00000000000282d0     0x2462 ./Core/Src/as5247u.o
 .debug_macro   0x000000000002a732     0x104f ./Core/Src/as5247u.o
 .debug_macro   0x000000000002b781      0x14d ./Core/Src/as5247u.o
 .debug_macro   0x000000000002b8ce      0x117 ./Core/Src/as5247u.o
 .debug_macro   0x000000000002b9e5      0x3f8 ./Core/Src/as5247u.o
 .debug_macro   0x000000000002bddd       0x27 ./Core/Src/as5247u.o
 .debug_macro   0x000000000002be04      0x788 ./Core/Src/as5247u.o
 .debug_macro   0x000000000002c58c      0x229 ./Core/Src/as5247u.o
 .debug_macro   0x000000000002c7b5       0x66 ./Core/Src/as5247u.o
 .debug_macro   0x000000000002c81b      0x3a6 ./Core/Src/as5247u.o
 .debug_macro   0x000000000002cbc1      0xa59 ./Core/Src/as5247u.o
 .debug_macro   0x000000000002d61a      0x129 ./Core/Src/as5247u.o
 .debug_macro   0x000000000002d743      0x3fa ./Core/Src/as5247u.o
 .debug_macro   0x000000000002db3d      0x275 ./Core/Src/as5247u.o
 .debug_macro   0x000000000002ddb2     0x1178 ./Core/Src/as5247u.o
 .debug_macro   0x000000000002ef2a      0x7c1 ./Core/Src/as5247u.o
 .debug_macro   0x000000000002f6eb      0x3a6 ./Core/Src/as5247u.o
 .debug_macro   0x000000000002fa91      0x3cb ./Core/Src/as5247u.o
 .debug_macro   0x000000000002fe5c      0x45c ./Core/Src/as5247u.o
 .debug_macro   0x00000000000302b8       0x3c ./Core/Src/as5247u.o
 .debug_macro   0x00000000000302f4       0x4a ./Core/Src/as5247u.o
 .debug_macro   0x000000000003033e      0x22c ./Core/Src/as5247u.o
 .debug_macro   0x000000000003056a       0x67 ./Core/Src/as5247u.o
 .debug_macro   0x00000000000305d1       0xa5 ./Core/Src/as5247u.o
 .debug_macro   0x0000000000030676      0x1c5 ./Core/Src/as5247u.o
 .debug_macro   0x000000000003083b      0x22b ./Core/Src/as5247u.o
 .debug_macro   0x0000000000030a66       0x35 ./Core/Src/as5247u.o
 .debug_macro   0x0000000000030a9b      0x5dd ./Core/Src/as5247u.o
 .debug_macro   0x0000000000031078       0x9e ./Core/Src/as5247u.o
 .debug_macro   0x0000000000031116      0xad7 ./Core/Src/as5247u.o
 .debug_macro   0x0000000000031bed      0x2a0 ./Core/Src/as5247u.o
 .debug_macro   0x0000000000031e8d      0x67e ./Core/Src/as5247u.o
 .debug_macro   0x000000000003250b       0xa6 ./Core/Src/as5247u.o
 .debug_macro   0x00000000000325b1      0x5e6 ./Core/Src/as5247u.o
 .debug_macro   0x0000000000032b97       0x7c ./Core/Src/as5247u.o
 .debug_macro   0x0000000000032c13      0x341 ./Core/Src/main.o
 .debug_macro   0x0000000000032f54      0x154 ./Core/Src/main.o
 .debug_macro   0x00000000000330a8       0x16 ./Core/Src/main.o
 .debug_macro   0x00000000000330be       0x35 ./Core/Src/main.o
 .debug_macro   0x00000000000330f3       0x20 ./Core/Src/main.o
 .debug_macro   0x0000000000033113       0x82 ./Core/Src/main.o
 .debug_macro   0x0000000000033195      0x308 ./Core/Src/stm32h7xx_hal_msp.o
 .debug_macro   0x000000000003349d      0x312 ./Core/Src/stm32h7xx_it.o
 .debug_macro   0x00000000000337af      0x2ff ./Core/Src/system_stm32h7xx.o
 .debug_macro   0x0000000000033aae      0x323 ./Drivers/STM32H7xx_HAL_Driver/Src/stm32h7xx_hal.o
 .debug_macro   0x0000000000033dd1      0x324 ./Drivers/STM32H7xx_HAL_Driver/Src/stm32h7xx_hal_adc.o
 .debug_macro   0x00000000000340f5      0x305 ./Drivers/STM32H7xx_HAL_Driver/Src/stm32h7xx_hal_adc_ex.o
 .debug_macro   0x00000000000343fa      0x2f9 ./Drivers/STM32H7xx_HAL_Driver/Src/stm32h7xx_hal_cortex.o
 .debug_macro   0x00000000000346f3      0x386 ./Drivers/STM32H7xx_HAL_Driver/Src/stm32h7xx_hal_eth.o
 .debug_macro   0x0000000000034a79      0x335 ./Drivers/STM32H7xx_HAL_Driver/Src/stm32h7xx_hal_gpio.o
 .debug_macro   0x0000000000034dae      0x332 ./Drivers/STM32H7xx_HAL_Driver/Src/stm32h7xx_hal_pwr_ex.o
 .debug_macro   0x00000000000350e0      0x31d ./Drivers/STM32H7xx_HAL_Driver/Src/stm32h7xx_hal_rcc.o
 .debug_macro   0x00000000000353fd      0x317 ./Drivers/STM32H7xx_HAL_Driver/Src/stm32h7xx_hal_rcc_ex.o
 .debug_macro   0x0000000000035714      0x308 ./Drivers/STM32H7xx_HAL_Driver/Src/stm32h7xx_hal_spi.o
 .debug_macro   0x0000000000035a1c      0x2fa ./Drivers/STM32H7xx_HAL_Driver/Src/stm32h7xx_hal_tim.o
 .debug_macro   0x0000000000035d16      0x2f9 ./Drivers/STM32H7xx_HAL_Driver/Src/stm32h7xx_hal_tim_ex.o
 .debug_macro   0x000000000003600f      0x324 ./Drivers/STM32H7xx_HAL_Driver/Src/stm32h7xx_hal_uart.o
 .debug_macro   0x0000000000036333      0x305 ./Drivers/STM32H7xx_HAL_Driver/Src/stm32h7xx_hal_uart_ex.o

.debug_line     0x0000000000000000    0x1ba13
 .debug_line    0x0000000000000000      0x9ac ./Core/Src/as5247u.o
 .debug_line    0x00000000000009ac      0xc90 ./Core/Src/main.o
 .debug_line    0x000000000000163c      0xb21 ./Core/Src/stm32h7xx_hal_msp.o
 .debug_line    0x000000000000215d      0x9c5 ./Core/Src/stm32h7xx_it.o
 .debug_line    0x0000000000002b22      0xaae ./Core/Src/system_stm32h7xx.o
 .debug_line    0x00000000000035d0       0x88 ./Core/Startup/startup_stm32h723zgtx.o
 .debug_line    0x0000000000003658      0xf41 ./Drivers/STM32H7xx_HAL_Driver/Src/stm32h7xx_hal.o
 .debug_line    0x0000000000004599     0x27e8 ./Drivers/STM32H7xx_HAL_Driver/Src/stm32h7xx_hal_adc.o
 .debug_line    0x0000000000006d81     0x2277 ./Drivers/STM32H7xx_HAL_Driver/Src/stm32h7xx_hal_adc_ex.o
 .debug_line    0x0000000000008ff8      0xeb6 ./Drivers/STM32H7xx_HAL_Driver/Src/stm32h7xx_hal_cortex.o
 .debug_line    0x0000000000009eae     0x1cc1 ./Drivers/STM32H7xx_HAL_Driver/Src/stm32h7xx_hal_eth.o
 .debug_line    0x000000000000bb6f      0xd67 ./Drivers/STM32H7xx_HAL_Driver/Src/stm32h7xx_hal_gpio.o
 .debug_line    0x000000000000c8d6      0xf25 ./Drivers/STM32H7xx_HAL_Driver/Src/stm32h7xx_hal_pwr_ex.o
 .debug_line    0x000000000000d7fb     0x1366 ./Drivers/STM32H7xx_HAL_Driver/Src/stm32h7xx_hal_rcc.o
 .debug_line    0x000000000000eb61     0x1aef ./Drivers/STM32H7xx_HAL_Driver/Src/stm32h7xx_hal_rcc_ex.o
 .debug_line    0x0000000000010650     0x21fc ./Drivers/STM32H7xx_HAL_Driver/Src/stm32h7xx_hal_spi.o
 .debug_line    0x000000000001284c     0x3f49 ./Drivers/STM32H7xx_HAL_Driver/Src/stm32h7xx_hal_tim.o
 .debug_line    0x0000000000016795     0x1e81 ./Drivers/STM32H7xx_HAL_Driver/Src/stm32h7xx_hal_tim_ex.o
 .debug_line    0x0000000000018616     0x255f ./Drivers/STM32H7xx_HAL_Driver/Src/stm32h7xx_hal_uart.o
 .debug_line    0x000000000001ab75      0xe9e ./Drivers/STM32H7xx_HAL_Driver/Src/stm32h7xx_hal_uart_ex.o

.debug_str      0x0000000000000000   0x16b901
 .debug_str     0x0000000000000000   0x1627ba ./Core/Src/as5247u.o
                                     0x162f57 (size before relaxing)
 .debug_str     0x00000000001627ba     0x1b23 ./Core/Src/main.o
                                     0x164c26 (size before relaxing)
 .debug_str     0x00000000001642dd      0x3d7 ./Core/Src/stm32h7xx_hal_msp.o
                                     0x16488e (size before relaxing)
 .debug_str     0x00000000001646b4       0xbd ./Core/Src/stm32h7xx_it.o
                                     0x162d47 (size before relaxing)
 .debug_str     0x0000000000164771      0x288 ./Core/Src/system_stm32h7xx.o
                                     0x162be0 (size before relaxing)
 .debug_str     0x00000000001649f9       0x6d ./Core/Startup/startup_stm32h723zgtx.o
 .debug_str     0x0000000000164a66     0x1051 ./Drivers/STM32H7xx_HAL_Driver/Src/stm32h7xx_hal.o
                                     0x163b65 (size before relaxing)
 .debug_str     0x0000000000165ab7      0xbca ./Drivers/STM32H7xx_HAL_Driver/Src/stm32h7xx_hal_adc.o
                                     0x163b1b (size before relaxing)
 .debug_str     0x0000000000166681      0x8ac ./Drivers/STM32H7xx_HAL_Driver/Src/stm32h7xx_hal_adc_ex.o
                                     0x163ad6 (size before relaxing)
 .debug_str     0x0000000000166f2d      0x398 ./Drivers/STM32H7xx_HAL_Driver/Src/stm32h7xx_hal_cortex.o
                                     0x16354c (size before relaxing)
 .debug_str     0x00000000001672c5     0x1023 ./Drivers/STM32H7xx_HAL_Driver/Src/stm32h7xx_hal_eth.o
                                     0x164344 (size before relaxing)
 .debug_str     0x00000000001682e8      0x1ff ./Drivers/STM32H7xx_HAL_Driver/Src/stm32h7xx_hal_gpio.o
                                     0x162d10 (size before relaxing)
 .debug_str     0x00000000001684e7      0x5d3 ./Drivers/STM32H7xx_HAL_Driver/Src/stm32h7xx_hal_pwr_ex.o
                                     0x163025 (size before relaxing)
 .debug_str     0x0000000000168aba      0x26c ./Drivers/STM32H7xx_HAL_Driver/Src/stm32h7xx_hal_rcc.o
                                     0x162f4b (size before relaxing)
 .debug_str     0x0000000000168d26      0x665 ./Drivers/STM32H7xx_HAL_Driver/Src/stm32h7xx_hal_rcc_ex.o
                                     0x16343b (size before relaxing)
 .debug_str     0x000000000016938b      0x542 ./Drivers/STM32H7xx_HAL_Driver/Src/stm32h7xx_hal_spi.o
                                     0x16328d (size before relaxing)
 .debug_str     0x00000000001698cd      0xdaa ./Drivers/STM32H7xx_HAL_Driver/Src/stm32h7xx_hal_tim.o
                                     0x163ccc (size before relaxing)
 .debug_str     0x000000000016a677      0x5fb ./Drivers/STM32H7xx_HAL_Driver/Src/stm32h7xx_hal_tim_ex.o
                                     0x1635b9 (size before relaxing)
 .debug_str     0x000000000016ac72      0x9bb ./Drivers/STM32H7xx_HAL_Driver/Src/stm32h7xx_hal_uart.o
                                     0x163995 (size before relaxing)
 .debug_str     0x000000000016b62d      0x2d4 ./Drivers/STM32H7xx_HAL_Driver/Src/stm32h7xx_hal_uart_ex.o
                                     0x162fbd (size before relaxing)

.comment        0x0000000000000000       0x53
 .comment       0x0000000000000000       0x53 ./Core/Src/as5247u.o
                                         0x54 (size before relaxing)
 .comment       0x0000000000000053       0x54 ./Core/Src/main.o
 .comment       0x0000000000000053       0x54 ./Core/Src/stm32h7xx_hal_msp.o
 .comment       0x0000000000000053       0x54 ./Core/Src/stm32h7xx_it.o
 .comment       0x0000000000000053       0x54 ./Core/Src/system_stm32h7xx.o
 .comment       0x0000000000000053       0x54 ./Drivers/STM32H7xx_HAL_Driver/Src/stm32h7xx_hal.o
 .comment       0x0000000000000053       0x54 ./Drivers/STM32H7xx_HAL_Driver/Src/stm32h7xx_hal_adc.o
 .comment       0x0000000000000053       0x54 ./Drivers/STM32H7xx_HAL_Driver/Src/stm32h7xx_hal_adc_ex.o
 .comment       0x0000000000000053       0x54 ./Drivers/STM32H7xx_HAL_Driver/Src/stm32h7xx_hal_cortex.o
 .comment       0x0000000000000053       0x54 ./Drivers/STM32H7xx_HAL_Driver/Src/stm32h7xx_hal_eth.o
 .comment       0x0000000000000053       0x54 ./Drivers/STM32H7xx_HAL_Driver/Src/stm32h7xx_hal_gpio.o
 .comment       0x0000000000000053       0x54 ./Drivers/STM32H7xx_HAL_Driver/Src/stm32h7xx_hal_pwr_ex.o
 .comment       0x0000000000000053       0x54 ./Drivers/STM32H7xx_HAL_Driver/Src/stm32h7xx_hal_rcc.o
 .comment       0x0000000000000053       0x54 ./Drivers/STM32H7xx_HAL_Driver/Src/stm32h7xx_hal_rcc_ex.o
 .comment       0x0000000000000053       0x54 ./Drivers/STM32H7xx_HAL_Driver/Src/stm32h7xx_hal_spi.o
 .comment       0x0000000000000053       0x54 ./Drivers/STM32H7xx_HAL_Driver/Src/stm32h7xx_hal_tim.o
 .comment       0x0000000000000053       0x54 ./Drivers/STM32H7xx_HAL_Driver/Src/stm32h7xx_hal_tim_ex.o
 .comment       0x0000000000000053       0x54 ./Drivers/STM32H7xx_HAL_Driver/Src/stm32h7xx_hal_uart.o
 .comment       0x0000000000000053       0x54 ./Drivers/STM32H7xx_HAL_Driver/Src/stm32h7xx_hal_uart_ex.o

.debug_frame    0x0000000000000000     0x6860
 .debug_frame   0x0000000000000000      0x110 ./Core/Src/as5247u.o
 .debug_frame   0x0000000000000110      0x174 ./Core/Src/main.o
 .debug_frame   0x0000000000000284      0x1ac ./Core/Src/stm32h7xx_hal_msp.o
 .debug_frame   0x0000000000000430      0x104 ./Core/Src/stm32h7xx_it.o
 .debug_frame   0x0000000000000534       0x58 ./Core/Src/system_stm32h7xx.o
 .debug_frame   0x000000000000058c      0x760 ./Drivers/STM32H7xx_HAL_Driver/Src/stm32h7xx_hal.o
 .debug_frame   0x0000000000000cec      0xb40 ./Drivers/STM32H7xx_HAL_Driver/Src/stm32h7xx_hal_adc.o
 .debug_frame   0x000000000000182c      0x904 ./Drivers/STM32H7xx_HAL_Driver/Src/stm32h7xx_hal_adc_ex.o
 .debug_frame   0x0000000000002130      0x4b8 ./Drivers/STM32H7xx_HAL_Driver/Src/stm32h7xx_hal_cortex.o
 .debug_frame   0x00000000000025e8      0x7d0 ./Drivers/STM32H7xx_HAL_Driver/Src/stm32h7xx_hal_eth.o
 .debug_frame   0x0000000000002db8      0x14c ./Drivers/STM32H7xx_HAL_Driver/Src/stm32h7xx_hal_gpio.o
 .debug_frame   0x0000000000002f04      0x540 ./Drivers/STM32H7xx_HAL_Driver/Src/stm32h7xx_hal_pwr_ex.o
 .debug_frame   0x0000000000003444      0x1fc ./Drivers/STM32H7xx_HAL_Driver/Src/stm32h7xx_hal_rcc.o
 .debug_frame   0x0000000000003640      0x3f4 ./Drivers/STM32H7xx_HAL_Driver/Src/stm32h7xx_hal_rcc_ex.o
 .debug_frame   0x0000000000003a34      0x778 ./Drivers/STM32H7xx_HAL_Driver/Src/stm32h7xx_hal_spi.o
 .debug_frame   0x00000000000041ac     0x1218 ./Drivers/STM32H7xx_HAL_Driver/Src/stm32h7xx_hal_tim.o
 .debug_frame   0x00000000000053c4      0x6d8 ./Drivers/STM32H7xx_HAL_Driver/Src/stm32h7xx_hal_tim_ex.o
 .debug_frame   0x0000000000005a9c      0xa7c ./Drivers/STM32H7xx_HAL_Driver/Src/stm32h7xx_hal_uart.o
 .debug_frame   0x0000000000006518      0x29c ./Drivers/STM32H7xx_HAL_Driver/Src/stm32h7xx_hal_uart_ex.o
 .debug_frame   0x00000000000067b4       0x2c c:/st/stm32cubeide_1.7.0/stm32cubeide/plugins/com.st.stm32cube.ide.mcu.externaltools.gnu-tools-for-stm32.9-2020-q2-update.win32_2.0.0.202105311346/tools/bin/../lib/gcc/arm-none-eabi/9.3.1/../../../../arm-none-eabi/lib/thumb/v7e-m+dp/hard\libc_nano.a(lib_a-init.o)
 .debug_frame   0x00000000000067e0       0x20 c:/st/stm32cubeide_1.7.0/stm32cubeide/plugins/com.st.stm32cube.ide.mcu.externaltools.gnu-tools-for-stm32.9-2020-q2-update.win32_2.0.0.202105311346/tools/bin/../lib/gcc/arm-none-eabi/9.3.1/../../../../arm-none-eabi/lib/thumb/v7e-m+dp/hard\libc_nano.a(lib_a-memset.o)
 .debug_frame   0x0000000000006800       0x2c c:/st/stm32cubeide_1.7.0/stm32cubeide/plugins/com.st.stm32cube.ide.mcu.externaltools.gnu-tools-for-stm32.9-2020-q2-update.win32_2.0.0.202105311346/tools/bin/../lib/gcc/arm-none-eabi/9.3.1/thumb/v7e-m+dp/hard\libgcc.a(_aeabi_uldivmod.o)
 .debug_frame   0x000000000000682c       0x34 c:/st/stm32cubeide_1.7.0/stm32cubeide/plugins/com.st.stm32cube.ide.mcu.externaltools.gnu-tools-for-stm32.9-2020-q2-update.win32_2.0.0.202105311346/tools/bin/../lib/gcc/arm-none-eabi/9.3.1/thumb/v7e-m+dp/hard\libgcc.a(_udivmoddi4.o)
